INFO 15:40:00.852482 Snake ID: dd2551a2-a6b0-408a-8613-31f9aa27b85c URL: http://127.0.0.1:57587, Name: "Rule-based agent"
INFO 15:40:00.878239 Ruleset: solo, Seed: 100
INFO 15:40:00.878239 Turn: 0, Snakes Alive: [Rule-based agent], Food: 2, Hazards: 0
INFO 15:40:00.902141 Turn: 1, Snakes Alive: [Rule-based agent], Food: 2, Hazards: 0
INFO 15:40:00.909228 Turn: 2, Snakes Alive: [Rule-based agent], Food: 1, Hazards: 0
INFO 15:40:00.915495 Turn: 3, Snakes Alive: [Rule-based agent], Food: 2, Hazards: 0
INFO 15:40:00.920233 Turn: 4, Snakes Alive: [Rule-based agent], Food: 2, Hazards: 0
INFO 15:40:00.926871 Turn: 5, Snakes Alive: [Rule-based agent], Food: 2, Hazards: 0
INFO 15:40:00.933742 Turn: 6, Snakes Alive: [Rule-based agent], Food: 2, Hazards: 0
INFO 15:40:00.940074 Turn: 7, Snakes Alive: [Rule-based agent], Food: 3, Hazards: 0
INFO 15:40:00.946193 Turn: 8, Snakes Alive: [Rule-based agent], Food: 3, Hazards: 0
INFO 15:40:00.953015 Turn: 9, Snakes Alive: [Rule-based agent], Food: 4, Hazards: 0
INFO 15:40:00.959195 Turn: 10, Snakes Alive: [Rule-based agent], Food: 3, Hazards: 0
INFO 15:40:00.964931 Turn: 11, Snakes Alive: [Rule-based agent], Food: 3, Hazards: 0
INFO 15:40:00.970031 Turn: 12, Snakes Alive: [Rule-based agent], Food: 3, Hazards: 0
INFO 15:40:00.976771 Turn: 13, Snakes Alive: [Rule-based agent], Food: 4, Hazards: 0
INFO 15:40:00.981912 Turn: 14, Snakes Alive: [Rule-based agent], Food: 5, Hazards: 0
INFO 15:40:00.986491 Turn: 15, Snakes Alive: [Rule-based agent], Food: 4, Hazards: 0
INFO 15:40:00.993732 Turn: 16, Snakes Alive: [Rule-based agent], Food: 4, Hazards: 0
INFO 15:40:00.999710 Turn: 17, Snakes Alive: [Rule-based agent], Food: 5, Hazards: 0
INFO 15:40:01.004766 Turn: 18, Snakes Alive: [Rule-based agent], Food: 5, Hazards: 0
INFO 15:40:01.012608 Turn: 19, Snakes Alive: [Rule-based agent], Food: 5, Hazards: 0
INFO 15:40:01.018644 Turn: 20, Snakes Alive: [Rule-based agent], Food: 5, Hazards: 0
INFO 15:40:01.024500 Turn: 21, Snakes Alive: [Rule-based agent], Food: 5, Hazards: 0
INFO 15:40:01.029686 Turn: 22, Snakes Alive: [Rule-based agent], Food: 5, Hazards: 0
INFO 15:40:01.035601 Turn: 23, Snakes Alive: [Rule-based agent], Food: 6, Hazards: 0
INFO 15:40:01.043337 Turn: 24, Snakes Alive: [Rule-based agent], Food: 6, Hazards: 0
INFO 15:40:01.048544 Turn: 25, Snakes Alive: [Rule-based agent], Food: 7, Hazards: 0
INFO 15:40:01.056150 Turn: 26, Snakes Alive: [Rule-based agent], Food: 8, Hazards: 0
INFO 15:40:01.063473 Turn: 27, Snakes Alive: [Rule-based agent], Food: 8, Hazards: 0
INFO 15:40:01.071563 Turn: 28, Snakes Alive: [Rule-based agent], Food: 8, Hazards: 0
INFO 15:40:01.080495 Turn: 29, Snakes Alive: [Rule-based agent], Food: 8, Hazards: 0
INFO 15:40:01.086194 Turn: 30, Snakes Alive: [Rule-based agent], Food: 9, Hazards: 0
INFO 15:40:01.092709 Turn: 31, Snakes Alive: [Rule-based agent], Food: 10, Hazards: 0
INFO 15:40:01.101838 Turn: 32, Snakes Alive: [Rule-based agent], Food: 10, Hazards: 0
INFO 15:40:01.108231 Turn: 33, Snakes Alive: [Rule-based agent], Food: 11, Hazards: 0
INFO 15:40:01.118331 Turn: 34, Snakes Alive: [Rule-based agent], Food: 11, Hazards: 0
INFO 15:40:01.125912 Turn: 35, Snakes Alive: [Rule-based agent], Food: 11, Hazards: 0
INFO 15:40:01.131462 Turn: 36, Snakes Alive: [Rule-based agent], Food: 11, Hazards: 0
INFO 15:40:01.136661 Turn: 37, Snakes Alive: [Rule-based agent], Food: 11, Hazards: 0
INFO 15:40:01.145212 Turn: 38, Snakes Alive: [Rule-based agent], Food: 11, Hazards: 0
INFO 15:40:01.153310 Turn: 39, Snakes Alive: [Rule-based agent], Food: 10, Hazards: 0
INFO 15:40:01.164636 Turn: 40, Snakes Alive: [Rule-based agent], Food: 10, Hazards: 0
INFO 15:40:01.171598 Turn: 41, Snakes Alive: [Rule-based agent], Food: 10, Hazards: 0
INFO 15:40:01.179261 Turn: 42, Snakes Alive: [Rule-based agent], Food: 10, Hazards: 0
INFO 15:40:01.188315 Turn: 43, Snakes Alive: [Rule-based agent], Food: 10, Hazards: 0
INFO 15:40:01.198292 Turn: 44, Snakes Alive: [Rule-based agent], Food: 10, Hazards: 0
INFO 15:40:01.204354 Turn: 45, Snakes Alive: [Rule-based agent], Food: 10, Hazards: 0
INFO 15:40:01.210964 Turn: 46, Snakes Alive: [Rule-based agent], Food: 10, Hazards: 0
INFO 15:40:01.216670 Turn: 47, Snakes Alive: [Rule-based agent], Food: 9, Hazards: 0
INFO 15:40:01.221808 Turn: 48, Snakes Alive: [Rule-based agent], Food: 9, Hazards: 0
INFO 15:40:01.228769 Turn: 49, Snakes Alive: [Rule-based agent], Food: 9, Hazards: 0
INFO 15:40:01.233763 Turn: 50, Snakes Alive: [Rule-based agent], Food: 10, Hazards: 0
INFO 15:40:01.238952 Turn: 51, Snakes Alive: [Rule-based agent], Food: 10, Hazards: 0
INFO 15:40:01.247063 Turn: 52, Snakes Alive: [Rule-based agent], Food: 9, Hazards: 0
INFO 15:40:01.252766 Turn: 53, Snakes Alive: [Rule-based agent], Food: 9, Hazards: 0
INFO 15:40:01.259258 Turn: 54, Snakes Alive: [Rule-based agent], Food: 10, Hazards: 0
INFO 15:40:01.264960 Turn: 55, Snakes Alive: [Rule-based agent], Food: 10, Hazards: 0
INFO 15:40:01.270840 Turn: 56, Snakes Alive: [Rule-based agent], Food: 10, Hazards: 0
INFO 15:40:01.277322 Turn: 57, Snakes Alive: [Rule-based agent], Food: 10, Hazards: 0
INFO 15:40:01.284076 Turn: 58, Snakes Alive: [Rule-based agent], Food: 11, Hazards: 0
INFO 15:40:01.291135 Turn: 59, Snakes Alive: [Rule-based agent], Food: 10, Hazards: 0
INFO 15:40:01.296962 Turn: 60, Snakes Alive: [Rule-based agent], Food: 10, Hazards: 0
INFO 15:40:01.303724 Turn: 61, Snakes Alive: [Rule-based agent], Food: 9, Hazards: 0
INFO 15:40:01.309560 Turn: 62, Snakes Alive: [Rule-based agent], Food: 9, Hazards: 0
INFO 15:40:01.314700 Turn: 63, Snakes Alive: [Rule-based agent], Food: 9, Hazards: 0
INFO 15:40:01.319981 Turn: 64, Snakes Alive: [Rule-based agent], Food: 9, Hazards: 0
INFO 15:40:01.328006 Turn: 65, Snakes Alive: [Rule-based agent], Food: 9, Hazards: 0
INFO 15:40:01.334826 Turn: 66, Snakes Alive: [Rule-based agent], Food: 9, Hazards: 0
INFO 15:40:01.340928 Turn: 67, Snakes Alive: [Rule-based agent], Food: 8, Hazards: 0
INFO 15:40:01.346729 Turn: 68, Snakes Alive: [Rule-based agent], Food: 8, Hazards: 0
INFO 15:40:01.352589 Turn: 69, Snakes Alive: [Rule-based agent], Food: 7, Hazards: 0
INFO 15:40:01.359339 Turn: 70, Snakes Alive: [Rule-based agent], Food: 7, Hazards: 0
INFO 15:40:01.364815 Turn: 71, Snakes Alive: [Rule-based agent], Food: 7, Hazards: 0
INFO 15:40:01.369968 Turn: 72, Snakes Alive: [Rule-based agent], Food: 7, Hazards: 0
INFO 15:40:01.377052 Turn: 73, Snakes Alive: [Rule-based agent], Food: 8, Hazards: 0
INFO 15:40:01.382594 Turn: 74, Snakes Alive: [Rule-based agent], Food: 8, Hazards: 0
INFO 15:40:01.387993 Turn: 75, Snakes Alive: [Rule-based agent], Food: 7, Hazards: 0
INFO 15:40:01.393756 Turn: 76, Snakes Alive: [Rule-based agent], Food: 7, Hazards: 0
INFO 15:40:01.399441 Turn: 77, Snakes Alive: [Rule-based agent], Food: 8, Hazards: 0
INFO 15:40:01.404597 Turn: 78, Snakes Alive: [Rule-based agent], Food: 9, Hazards: 0
INFO 15:40:01.412169 Turn: 79, Snakes Alive: [Rule-based agent], Food: 9, Hazards: 0
INFO 15:40:01.418450 Turn: 80, Snakes Alive: [Rule-based agent], Food: 9, Hazards: 0
INFO 15:40:01.424352 Turn: 81, Snakes Alive: [Rule-based agent], Food: 10, Hazards: 0
INFO 15:40:01.429393 Turn: 82, Snakes Alive: [Rule-based agent], Food: 10, Hazards: 0
INFO 15:40:01.436794 Turn: 83, Snakes Alive: [Rule-based agent], Food: 9, Hazards: 0
INFO 15:40:01.443250 Turn: 84, Snakes Alive: [Rule-based agent], Food: 9, Hazards: 0
INFO 15:40:01.448968 Turn: 85, Snakes Alive: [Rule-based agent], Food: 9, Hazards: 0
INFO 15:40:01.455457 Turn: 86, Snakes Alive: [Rule-based agent], Food: 9, Hazards: 0
INFO 15:40:01.461123 Turn: 87, Snakes Alive: [Rule-based agent], Food: 9, Hazards: 0
INFO 15:40:01.466488 Turn: 88, Snakes Alive: [Rule-based agent], Food: 9, Hazards: 0
INFO 15:40:01.472534 Turn: 89, Snakes Alive: [Rule-based agent], Food: 9, Hazards: 0
INFO 15:40:01.479574 Turn: 90, Snakes Alive: [Rule-based agent], Food: 8, Hazards: 0
WARN 15:40:01.984800 Request to http://127.0.0.1:57587/move failed
	Error: Post "http://127.0.0.1:57587/move": context deadline exceeded (Client.Timeout exceeded while awaiting headers)
INFO 15:40:01.984800 Turn: 91, Snakes Alive: [Rule-based agent], Food: 8, Hazards: 0
WARN 15:40:02.496907 Request to http://127.0.0.1:57587/move failed
	Error: Post "http://127.0.0.1:57587/move": context deadline exceeded (Client.Timeout exceeded while awaiting headers)
INFO 15:40:02.496907 Turn: 92, Snakes Alive: [Rule-based agent], Food: 8, Hazards: 0
WARN 15:40:03.006323 Request to http://127.0.0.1:57587/move failed
	Error: Post "http://127.0.0.1:57587/move": context deadline exceeded (Client.Timeout exceeded while awaiting headers)
INFO 15:40:03.006323 Turn: 93, Snakes Alive: [Rule-based agent], Food: 8, Hazards: 0
WARN 15:40:03.511555 Request to http://127.0.0.1:57587/move failed
	Error: Post "http://127.0.0.1:57587/move": context deadline exceeded (Client.Timeout exceeded while awaiting headers)
INFO 15:40:03.511555 Turn: 94, Snakes Alive: [Rule-based agent], Food: 8, Hazards: 0
WARN 15:40:04.019853 Request to http://127.0.0.1:57587/move failed
	Error: Post "http://127.0.0.1:57587/move": context deadline exceeded (Client.Timeout exceeded while awaiting headers)
INFO 15:40:04.019853 Turn: 95, Snakes Alive: [Rule-based agent], Food: 8, Hazards: 0
WARN 15:40:04.525882 Request to http://127.0.0.1:57587/move failed
	Error: Post "http://127.0.0.1:57587/move": context deadline exceeded (Client.Timeout exceeded while awaiting headers)
INFO 15:40:04.525882 Turn: 96, Snakes Alive: [Rule-based agent], Food: 8, Hazards: 0
WARN 15:40:05.031237 Request to http://127.0.0.1:57587/move failed
	Error: Post "http://127.0.0.1:57587/move": context deadline exceeded (Client.Timeout exceeded while awaiting headers)
INFO 15:40:05.031237 Turn: 97, Snakes Alive: [], Food: 8, Hazards: 0
WARN 15:40:05.539407 Request to http://127.0.0.1:57587/end failed
INFO 15:40:05.539407 Game completed after 98 turns.
ERROR 15:40:06.552870 Error running game: Error getting snake metadata: Snake metadata request to http://127.0.0.1:57587 failed: Get "http://127.0.0.1:57587": context deadline exceeded (Client.Timeout exceeded while awaiting headers)
