INFO 13:13:00.462550 Snake ID: eb41aefa-d274-4c66-a27b-6b96352b7cbf URL: http://127.0.0.1:55822, Name: "Rule-based agent"
INFO 13:13:00.500084 Ruleset: solo, Seed: 100
INFO 13:13:00.500084 Turn: 0, Snakes Alive: [Rule-based agent], Food: 2, Hazards: 0
INFO 13:13:00.519816 Turn: 1, Snakes Alive: [Rule-based agent], Food: 2, Hazards: 0
INFO 13:13:00.523786 Turn: 2, Snakes Alive: [Rule-based agent], Food: 2, Hazards: 0
INFO 13:13:00.527772 Turn: 3, Snakes Alive: [Rule-based agent], Food: 3, Hazards: 0
INFO 13:13:00.530561 Turn: 4, Snakes Alive: [Rule-based agent], Food: 3, Hazards: 0
INFO 13:13:00.538461 Turn: 5, Snakes Alive: [Rule-based agent], Food: 3, Hazards: 0
INFO 13:13:00.543966 Turn: 6, Snakes Alive: [Rule-based agent], Food: 3, Hazards: 0
INFO 13:13:00.547496 Turn: 7, Snakes Alive: [Rule-based agent], Food: 4, Hazards: 0
INFO 13:13:00.551016 Turn: 8, Snakes Alive: [Rule-based agent], Food: 4, Hazards: 0
INFO 13:13:00.555414 Turn: 9, Snakes Alive: [Rule-based agent], Food: 5, Hazards: 0
INFO 13:13:00.559943 Turn: 10, Snakes Alive: [Rule-based agent], Food: 5, Hazards: 0
INFO 13:13:00.563958 Turn: 11, Snakes Alive: [Rule-based agent], Food: 5, Hazards: 0
INFO 13:13:00.571543 Turn: 12, Snakes Alive: [Rule-based agent], Food: 5, Hazards: 0
INFO 13:13:00.579020 Turn: 13, Snakes Alive: [Rule-based agent], Food: 6, Hazards: 0
INFO 13:13:00.583145 Turn: 14, Snakes Alive: [Rule-based agent], Food: 7, Hazards: 0
INFO 13:13:00.586764 Turn: 15, Snakes Alive: [Rule-based agent], Food: 7, Hazards: 0
INFO 13:13:00.590897 Turn: 16, Snakes Alive: [Rule-based agent], Food: 7, Hazards: 0
INFO 13:13:00.596248 Turn: 17, Snakes Alive: [Rule-based agent], Food: 8, Hazards: 0
INFO 13:13:00.601624 Turn: 18, Snakes Alive: [Rule-based agent], Food: 8, Hazards: 0
INFO 13:13:00.606917 Turn: 19, Snakes Alive: [Rule-based agent], Food: 8, Hazards: 0
INFO 13:13:00.610501 Turn: 20, Snakes Alive: [Rule-based agent], Food: 8, Hazards: 0
INFO 13:13:00.614125 Turn: 21, Snakes Alive: [Rule-based agent], Food: 8, Hazards: 0
INFO 13:13:00.617741 Turn: 22, Snakes Alive: [Rule-based agent], Food: 8, Hazards: 0
INFO 13:13:00.622369 Turn: 23, Snakes Alive: [Rule-based agent], Food: 9, Hazards: 0
INFO 13:13:00.626419 Turn: 24, Snakes Alive: [Rule-based agent], Food: 9, Hazards: 0
INFO 13:13:00.629220 Turn: 25, Snakes Alive: [Rule-based agent], Food: 10, Hazards: 0
INFO 13:13:00.632853 Turn: 26, Snakes Alive: [Rule-based agent], Food: 11, Hazards: 0
INFO 13:13:00.637133 Turn: 27, Snakes Alive: [Rule-based agent], Food: 12, Hazards: 0
INFO 13:13:00.641308 Turn: 28, Snakes Alive: [Rule-based agent], Food: 12, Hazards: 0
INFO 13:13:00.646187 Turn: 29, Snakes Alive: [Rule-based agent], Food: 12, Hazards: 0
INFO 13:13:00.649975 Turn: 30, Snakes Alive: [Rule-based agent], Food: 13, Hazards: 0
INFO 13:13:00.653091 Turn: 31, Snakes Alive: [Rule-based agent], Food: 13, Hazards: 0
INFO 13:13:00.655743 Turn: 32, Snakes Alive: [Rule-based agent], Food: 13, Hazards: 0
INFO 13:13:00.660573 Turn: 33, Snakes Alive: [Rule-based agent], Food: 14, Hazards: 0
INFO 13:13:00.663714 Turn: 34, Snakes Alive: [Rule-based agent], Food: 14, Hazards: 0
INFO 13:13:00.667897 Turn: 35, Snakes Alive: [Rule-based agent], Food: 14, Hazards: 0
INFO 13:13:00.672430 Turn: 36, Snakes Alive: [Rule-based agent], Food: 14, Hazards: 0
INFO 13:13:00.677130 Turn: 37, Snakes Alive: [Rule-based agent], Food: 14, Hazards: 0
INFO 13:13:00.681114 Turn: 38, Snakes Alive: [Rule-based agent], Food: 14, Hazards: 0
INFO 13:13:00.685560 Turn: 39, Snakes Alive: [Rule-based agent], Food: 14, Hazards: 0
INFO 13:13:00.688720 Turn: 40, Snakes Alive: [Rule-based agent], Food: 14, Hazards: 0
INFO 13:13:00.693594 Turn: 41, Snakes Alive: [Rule-based agent], Food: 14, Hazards: 0
INFO 13:13:00.695756 Turn: 42, Snakes Alive: [Rule-based agent], Food: 14, Hazards: 0
INFO 13:13:00.699364 Turn: 43, Snakes Alive: [Rule-based agent], Food: 14, Hazards: 0
INFO 13:13:00.703487 Turn: 44, Snakes Alive: [Rule-based agent], Food: 13, Hazards: 0
INFO 13:13:00.708279 Turn: 45, Snakes Alive: [Rule-based agent], Food: 13, Hazards: 0
INFO 13:13:00.712324 Turn: 46, Snakes Alive: [Rule-based agent], Food: 13, Hazards: 0
INFO 13:13:00.715697 Turn: 47, Snakes Alive: [Rule-based agent], Food: 13, Hazards: 0
INFO 13:13:00.719532 Turn: 48, Snakes Alive: [Rule-based agent], Food: 13, Hazards: 0
INFO 13:13:00.725870 Turn: 49, Snakes Alive: [Rule-based agent], Food: 13, Hazards: 0
INFO 13:13:00.729784 Turn: 50, Snakes Alive: [Rule-based agent], Food: 13, Hazards: 0
INFO 13:13:00.732375 Turn: 51, Snakes Alive: [Rule-based agent], Food: 13, Hazards: 0
INFO 13:13:00.735965 Turn: 52, Snakes Alive: [Rule-based agent], Food: 13, Hazards: 0
INFO 13:13:00.741351 Turn: 53, Snakes Alive: [Rule-based agent], Food: 13, Hazards: 0
INFO 13:13:00.746490 Turn: 54, Snakes Alive: [Rule-based agent], Food: 14, Hazards: 0
INFO 13:13:00.750171 Turn: 55, Snakes Alive: [Rule-based agent], Food: 14, Hazards: 0
INFO 13:13:00.753325 Turn: 56, Snakes Alive: [Rule-based agent], Food: 15, Hazards: 0
INFO 13:13:00.757046 Turn: 57, Snakes Alive: [Rule-based agent], Food: 15, Hazards: 0
INFO 13:13:00.761451 Turn: 58, Snakes Alive: [Rule-based agent], Food: 16, Hazards: 0
INFO 13:13:00.764900 Turn: 59, Snakes Alive: [Rule-based agent], Food: 16, Hazards: 0
INFO 13:13:00.769427 Turn: 60, Snakes Alive: [Rule-based agent], Food: 16, Hazards: 0
INFO 13:13:00.773872 Turn: 61, Snakes Alive: [Rule-based agent], Food: 16, Hazards: 0
INFO 13:13:00.779903 Turn: 62, Snakes Alive: [Rule-based agent], Food: 16, Hazards: 0
INFO 13:13:00.783509 Turn: 63, Snakes Alive: [Rule-based agent], Food: 16, Hazards: 0
INFO 13:13:00.787673 Turn: 64, Snakes Alive: [Rule-based agent], Food: 15, Hazards: 0
INFO 13:13:00.791711 Turn: 65, Snakes Alive: [Rule-based agent], Food: 14, Hazards: 0
INFO 13:13:00.793975 Turn: 66, Snakes Alive: [Rule-based agent], Food: 14, Hazards: 0
INFO 13:13:00.797114 Turn: 67, Snakes Alive: [Rule-based agent], Food: 14, Hazards: 0
INFO 13:13:00.800827 Turn: 68, Snakes Alive: [Rule-based agent], Food: 14, Hazards: 0
INFO 13:13:00.805399 Turn: 69, Snakes Alive: [Rule-based agent], Food: 14, Hazards: 0
INFO 13:13:00.809773 Turn: 70, Snakes Alive: [Rule-based agent], Food: 14, Hazards: 0
INFO 13:13:00.813193 Turn: 71, Snakes Alive: [Rule-based agent], Food: 14, Hazards: 0
INFO 13:13:00.816430 Turn: 72, Snakes Alive: [Rule-based agent], Food: 14, Hazards: 0
INFO 13:13:00.820567 Turn: 73, Snakes Alive: [Rule-based agent], Food: 15, Hazards: 0
INFO 13:13:00.824478 Turn: 74, Snakes Alive: [Rule-based agent], Food: 15, Hazards: 0
INFO 13:13:00.829566 Turn: 75, Snakes Alive: [Rule-based agent], Food: 15, Hazards: 0
INFO 13:13:00.833997 Turn: 76, Snakes Alive: [Rule-based agent], Food: 15, Hazards: 0
INFO 13:13:00.837548 Turn: 77, Snakes Alive: [Rule-based agent], Food: 16, Hazards: 0
INFO 13:13:00.840179 Turn: 78, Snakes Alive: [Rule-based agent], Food: 17, Hazards: 0
INFO 13:13:00.842484 Turn: 79, Snakes Alive: [Rule-based agent], Food: 16, Hazards: 0
INFO 13:13:00.847911 Turn: 80, Snakes Alive: [Rule-based agent], Food: 16, Hazards: 0
INFO 13:13:00.851246 Turn: 81, Snakes Alive: [Rule-based agent], Food: 17, Hazards: 0
INFO 13:13:00.856757 Turn: 82, Snakes Alive: [Rule-based agent], Food: 17, Hazards: 0
INFO 13:13:00.862195 Turn: 83, Snakes Alive: [Rule-based agent], Food: 17, Hazards: 0
INFO 13:13:00.864853 Turn: 84, Snakes Alive: [Rule-based agent], Food: 17, Hazards: 0
INFO 13:13:00.866740 Turn: 85, Snakes Alive: [Rule-based agent], Food: 17, Hazards: 0
INFO 13:13:00.871489 Turn: 86, Snakes Alive: [Rule-based agent], Food: 17, Hazards: 0
INFO 13:13:00.876555 Turn: 87, Snakes Alive: [Rule-based agent], Food: 17, Hazards: 0
INFO 13:13:00.880038 Turn: 88, Snakes Alive: [Rule-based agent], Food: 17, Hazards: 0
INFO 13:13:00.883000 Turn: 89, Snakes Alive: [Rule-based agent], Food: 17, Hazards: 0
INFO 13:13:00.885068 Turn: 90, Snakes Alive: [Rule-based agent], Food: 17, Hazards: 0
INFO 13:13:00.892023 Turn: 91, Snakes Alive: [Rule-based agent], Food: 17, Hazards: 0
INFO 13:13:00.896269 Turn: 92, Snakes Alive: [Rule-based agent], Food: 16, Hazards: 0
INFO 13:13:00.900330 Turn: 93, Snakes Alive: [Rule-based agent], Food: 16, Hazards: 0
INFO 13:13:00.903543 Turn: 94, Snakes Alive: [Rule-based agent], Food: 16, Hazards: 0
INFO 13:13:00.907744 Turn: 95, Snakes Alive: [Rule-based agent], Food: 15, Hazards: 0
INFO 13:13:00.911027 Turn: 96, Snakes Alive: [Rule-based agent], Food: 14, Hazards: 0
INFO 13:13:00.914682 Turn: 97, Snakes Alive: [Rule-based agent], Food: 14, Hazards: 0
INFO 13:13:00.918453 Turn: 98, Snakes Alive: [Rule-based agent], Food: 14, Hazards: 0
INFO 13:13:00.922254 Turn: 99, Snakes Alive: [Rule-based agent], Food: 13, Hazards: 0
INFO 13:13:00.928492 Turn: 100, Snakes Alive: [Rule-based agent], Food: 13, Hazards: 0
INFO 13:13:00.931124 Turn: 101, Snakes Alive: [Rule-based agent], Food: 13, Hazards: 0
INFO 13:13:00.934347 Turn: 102, Snakes Alive: [Rule-based agent], Food: 13, Hazards: 0
INFO 13:13:00.937940 Turn: 103, Snakes Alive: [Rule-based agent], Food: 13, Hazards: 0
INFO 13:13:00.943852 Turn: 104, Snakes Alive: [Rule-based agent], Food: 13, Hazards: 0
INFO 13:13:00.948785 Turn: 105, Snakes Alive: [Rule-based agent], Food: 13, Hazards: 0
INFO 13:13:00.952402 Turn: 106, Snakes Alive: [Rule-based agent], Food: 14, Hazards: 0
INFO 13:13:00.957390 Turn: 107, Snakes Alive: [Rule-based agent], Food: 14, Hazards: 0
INFO 13:13:00.962296 Turn: 108, Snakes Alive: [Rule-based agent], Food: 13, Hazards: 0
INFO 13:13:00.967424 Turn: 109, Snakes Alive: [Rule-based agent], Food: 13, Hazards: 0
INFO 13:13:00.971713 Turn: 110, Snakes Alive: [Rule-based agent], Food: 13, Hazards: 0
INFO 13:13:00.976354 Turn: 111, Snakes Alive: [Rule-based agent], Food: 13, Hazards: 0
INFO 13:13:00.980946 Turn: 112, Snakes Alive: [Rule-based agent], Food: 13, Hazards: 0
INFO 13:13:00.983933 Turn: 113, Snakes Alive: [Rule-based agent], Food: 13, Hazards: 0
INFO 13:13:00.990603 Turn: 114, Snakes Alive: [Rule-based agent], Food: 13, Hazards: 0
INFO 13:13:00.995609 Turn: 115, Snakes Alive: [Rule-based agent], Food: 13, Hazards: 0
INFO 13:13:00.999209 Turn: 116, Snakes Alive: [Rule-based agent], Food: 13, Hazards: 0
INFO 13:13:01.003690 Turn: 117, Snakes Alive: [Rule-based agent], Food: 13, Hazards: 0
INFO 13:13:01.007873 Turn: 118, Snakes Alive: [], Food: 13, Hazards: 0
INFO 13:13:01.010655 Game completed after 119 turns.
INFO 13:13:01.088143 Snake ID: fb25b502-e097-406c-a8b0-17c3147a3259 URL: http://127.0.0.1:55822, Name: "Rule-based agent"
INFO 13:13:01.121533 Ruleset: solo, Seed: 101
INFO 13:13:01.121533 Turn: 0, Snakes Alive: [Rule-based agent], Food: 2, Hazards: 0
INFO 13:13:01.142974 Turn: 1, Snakes Alive: [Rule-based agent], Food: 2, Hazards: 0
INFO 13:13:01.146787 Turn: 2, Snakes Alive: [Rule-based agent], Food: 2, Hazards: 0
INFO 13:13:01.149558 Turn: 3, Snakes Alive: [Rule-based agent], Food: 2, Hazards: 0
INFO 13:13:01.154629 Turn: 4, Snakes Alive: [Rule-based agent], Food: 2, Hazards: 0
INFO 13:13:01.158527 Turn: 5, Snakes Alive: [Rule-based agent], Food: 2, Hazards: 0
INFO 13:13:01.161371 Turn: 6, Snakes Alive: [Rule-based agent], Food: 3, Hazards: 0
INFO 13:13:01.164707 Turn: 7, Snakes Alive: [Rule-based agent], Food: 3, Hazards: 0
INFO 13:13:01.167811 Turn: 8, Snakes Alive: [Rule-based agent], Food: 4, Hazards: 0
INFO 13:13:01.171812 Turn: 9, Snakes Alive: [Rule-based agent], Food: 4, Hazards: 0
INFO 13:13:01.177868 Turn: 10, Snakes Alive: [Rule-based agent], Food: 4, Hazards: 0
INFO 13:13:01.181018 Turn: 11, Snakes Alive: [Rule-based agent], Food: 4, Hazards: 0
INFO 13:13:01.184716 Turn: 12, Snakes Alive: [Rule-based agent], Food: 5, Hazards: 0
INFO 13:13:01.188401 Turn: 13, Snakes Alive: [Rule-based agent], Food: 6, Hazards: 0
INFO 13:13:01.193650 Turn: 14, Snakes Alive: [Rule-based agent], Food: 6, Hazards: 0
INFO 13:13:01.197081 Turn: 15, Snakes Alive: [Rule-based agent], Food: 6, Hazards: 0
INFO 13:13:01.200093 Turn: 16, Snakes Alive: [Rule-based agent], Food: 7, Hazards: 0
INFO 13:13:01.203880 Turn: 17, Snakes Alive: [Rule-based agent], Food: 7, Hazards: 0
INFO 13:13:01.208706 Turn: 18, Snakes Alive: [Rule-based agent], Food: 7, Hazards: 0
INFO 13:13:01.211855 Turn: 19, Snakes Alive: [Rule-based agent], Food: 7, Hazards: 0
INFO 13:13:01.215950 Turn: 20, Snakes Alive: [Rule-based agent], Food: 6, Hazards: 0
INFO 13:13:01.219864 Turn: 21, Snakes Alive: [Rule-based agent], Food: 6, Hazards: 0
INFO 13:13:01.223207 Turn: 22, Snakes Alive: [Rule-based agent], Food: 7, Hazards: 0
INFO 13:13:01.225247 Turn: 23, Snakes Alive: [Rule-based agent], Food: 7, Hazards: 0
INFO 13:13:01.229165 Turn: 24, Snakes Alive: [Rule-based agent], Food: 8, Hazards: 0
INFO 13:13:01.232970 Turn: 25, Snakes Alive: [Rule-based agent], Food: 8, Hazards: 0
INFO 13:13:01.237644 Turn: 26, Snakes Alive: [Rule-based agent], Food: 9, Hazards: 0
INFO 13:13:01.243232 Turn: 27, Snakes Alive: [Rule-based agent], Food: 9, Hazards: 0
INFO 13:13:01.246569 Turn: 28, Snakes Alive: [Rule-based agent], Food: 9, Hazards: 0
INFO 13:13:01.250155 Turn: 29, Snakes Alive: [Rule-based agent], Food: 10, Hazards: 0
INFO 13:13:01.253884 Turn: 30, Snakes Alive: [Rule-based agent], Food: 10, Hazards: 0
INFO 13:13:01.257912 Turn: 31, Snakes Alive: [Rule-based agent], Food: 10, Hazards: 0
INFO 13:13:01.262632 Turn: 32, Snakes Alive: [Rule-based agent], Food: 10, Hazards: 0
INFO 13:13:01.265577 Turn: 33, Snakes Alive: [Rule-based agent], Food: 10, Hazards: 0
INFO 13:13:01.268757 Turn: 34, Snakes Alive: [Rule-based agent], Food: 10, Hazards: 0
INFO 13:13:01.273709 Turn: 35, Snakes Alive: [Rule-based agent], Food: 10, Hazards: 0
INFO 13:13:01.278634 Turn: 36, Snakes Alive: [Rule-based agent], Food: 10, Hazards: 0
INFO 13:13:01.282541 Turn: 37, Snakes Alive: [Rule-based agent], Food: 10, Hazards: 0
INFO 13:13:01.286771 Turn: 38, Snakes Alive: [Rule-based agent], Food: 10, Hazards: 0
INFO 13:13:01.288337 Turn: 39, Snakes Alive: [Rule-based agent], Food: 10, Hazards: 0
INFO 13:13:01.293032 Turn: 40, Snakes Alive: [Rule-based agent], Food: 10, Hazards: 0
INFO 13:13:01.296609 Turn: 41, Snakes Alive: [Rule-based agent], Food: 10, Hazards: 0
INFO 13:13:01.299738 Turn: 42, Snakes Alive: [Rule-based agent], Food: 10, Hazards: 0
INFO 13:13:01.304391 Turn: 43, Snakes Alive: [Rule-based agent], Food: 10, Hazards: 0
INFO 13:13:01.309901 Turn: 44, Snakes Alive: [Rule-based agent], Food: 10, Hazards: 0
INFO 13:13:01.313498 Turn: 45, Snakes Alive: [Rule-based agent], Food: 10, Hazards: 0
INFO 13:13:01.317042 Turn: 46, Snakes Alive: [Rule-based agent], Food: 10, Hazards: 0
INFO 13:13:01.320740 Turn: 47, Snakes Alive: [Rule-based agent], Food: 10, Hazards: 0
INFO 13:13:01.323982 Turn: 48, Snakes Alive: [Rule-based agent], Food: 10, Hazards: 0
INFO 13:13:01.327813 Turn: 49, Snakes Alive: [Rule-based agent], Food: 11, Hazards: 0
INFO 13:13:01.330473 Turn: 50, Snakes Alive: [Rule-based agent], Food: 11, Hazards: 0
INFO 13:13:01.334552 Turn: 51, Snakes Alive: [Rule-based agent], Food: 11, Hazards: 0
INFO 13:13:01.339601 Turn: 52, Snakes Alive: [Rule-based agent], Food: 11, Hazards: 0
INFO 13:13:01.344406 Turn: 53, Snakes Alive: [Rule-based agent], Food: 12, Hazards: 0
INFO 13:13:01.347975 Turn: 54, Snakes Alive: [Rule-based agent], Food: 12, Hazards: 0
INFO 13:13:01.351209 Turn: 55, Snakes Alive: [Rule-based agent], Food: 13, Hazards: 0
INFO 13:13:01.354597 Turn: 56, Snakes Alive: [Rule-based agent], Food: 13, Hazards: 0
INFO 13:13:01.359246 Turn: 57, Snakes Alive: [Rule-based agent], Food: 14, Hazards: 0
INFO 13:13:01.363774 Turn: 58, Snakes Alive: [Rule-based agent], Food: 14, Hazards: 0
INFO 13:13:01.367775 Turn: 59, Snakes Alive: [Rule-based agent], Food: 14, Hazards: 0
INFO 13:13:01.373086 Turn: 60, Snakes Alive: [Rule-based agent], Food: 14, Hazards: 0
INFO 13:13:01.377376 Turn: 61, Snakes Alive: [Rule-based agent], Food: 14, Hazards: 0
INFO 13:13:01.381299 Turn: 62, Snakes Alive: [Rule-based agent], Food: 14, Hazards: 0
INFO 13:13:01.385553 Turn: 63, Snakes Alive: [Rule-based agent], Food: 14, Hazards: 0
INFO 13:13:01.388511 Turn: 64, Snakes Alive: [Rule-based agent], Food: 14, Hazards: 0
INFO 13:13:01.392872 Turn: 65, Snakes Alive: [Rule-based agent], Food: 14, Hazards: 0
INFO 13:13:01.395903 Turn: 66, Snakes Alive: [Rule-based agent], Food: 14, Hazards: 0
INFO 13:13:01.399289 Turn: 67, Snakes Alive: [Rule-based agent], Food: 14, Hazards: 0
INFO 13:13:01.403429 Turn: 68, Snakes Alive: [Rule-based agent], Food: 14, Hazards: 0
INFO 13:13:01.408742 Turn: 69, Snakes Alive: [Rule-based agent], Food: 13, Hazards: 0
INFO 13:13:01.413458 Turn: 70, Snakes Alive: [Rule-based agent], Food: 13, Hazards: 0
INFO 13:13:01.416599 Turn: 71, Snakes Alive: [Rule-based agent], Food: 13, Hazards: 0
INFO 13:13:01.420232 Turn: 72, Snakes Alive: [Rule-based agent], Food: 14, Hazards: 0
INFO 13:13:01.424346 Turn: 73, Snakes Alive: [Rule-based agent], Food: 14, Hazards: 0
INFO 13:13:01.428744 Turn: 74, Snakes Alive: [Rule-based agent], Food: 14, Hazards: 0
INFO 13:13:01.431873 Turn: 75, Snakes Alive: [Rule-based agent], Food: 13, Hazards: 0
INFO 13:13:01.435569 Turn: 76, Snakes Alive: [Rule-based agent], Food: 14, Hazards: 0
INFO 13:13:01.440007 Turn: 77, Snakes Alive: [Rule-based agent], Food: 14, Hazards: 0
INFO 13:13:01.445405 Turn: 78, Snakes Alive: [Rule-based agent], Food: 14, Hazards: 0
INFO 13:13:01.449139 Turn: 79, Snakes Alive: [Rule-based agent], Food: 13, Hazards: 0
INFO 13:13:01.452702 Turn: 80, Snakes Alive: [Rule-based agent], Food: 14, Hazards: 0
INFO 13:13:01.456015 Turn: 81, Snakes Alive: [Rule-based agent], Food: 14, Hazards: 0
INFO 13:13:01.459664 Turn: 82, Snakes Alive: [Rule-based agent], Food: 14, Hazards: 0
INFO 13:13:01.462786 Turn: 83, Snakes Alive: [Rule-based agent], Food: 14, Hazards: 0
INFO 13:13:01.466794 Turn: 84, Snakes Alive: [Rule-based agent], Food: 14, Hazards: 0
INFO 13:13:01.470992 Turn: 85, Snakes Alive: [Rule-based agent], Food: 14, Hazards: 0
INFO 13:13:01.474600 Turn: 86, Snakes Alive: [Rule-based agent], Food: 14, Hazards: 0
INFO 13:13:01.478800 Turn: 87, Snakes Alive: [Rule-based agent], Food: 14, Hazards: 0
INFO 13:13:01.482300 Turn: 88, Snakes Alive: [Rule-based agent], Food: 13, Hazards: 0
INFO 13:13:01.486540 Turn: 89, Snakes Alive: [Rule-based agent], Food: 13, Hazards: 0
INFO 13:13:01.490631 Turn: 90, Snakes Alive: [Rule-based agent], Food: 13, Hazards: 0
INFO 13:13:01.493305 Turn: 91, Snakes Alive: [Rule-based agent], Food: 13, Hazards: 0
INFO 13:13:01.498831 Turn: 92, Snakes Alive: [Rule-based agent], Food: 13, Hazards: 0
INFO 13:13:01.502823 Turn: 93, Snakes Alive: [Rule-based agent], Food: 12, Hazards: 0
INFO 13:13:01.506444 Turn: 94, Snakes Alive: [Rule-based agent], Food: 11, Hazards: 0
INFO 13:13:01.510915 Turn: 95, Snakes Alive: [Rule-based agent], Food: 11, Hazards: 0
INFO 13:13:01.515196 Turn: 96, Snakes Alive: [Rule-based agent], Food: 11, Hazards: 0
INFO 13:13:01.519751 Turn: 97, Snakes Alive: [Rule-based agent], Food: 11, Hazards: 0
INFO 13:13:01.524225 Turn: 98, Snakes Alive: [Rule-based agent], Food: 11, Hazards: 0
INFO 13:13:01.529458 Turn: 99, Snakes Alive: [Rule-based agent], Food: 10, Hazards: 0
INFO 13:13:01.532181 Turn: 100, Snakes Alive: [Rule-based agent], Food: 10, Hazards: 0
INFO 13:13:01.535812 Turn: 101, Snakes Alive: [Rule-based agent], Food: 10, Hazards: 0
INFO 13:13:01.539896 Turn: 102, Snakes Alive: [Rule-based agent], Food: 10, Hazards: 0
INFO 13:13:01.542202 Turn: 103, Snakes Alive: [Rule-based agent], Food: 10, Hazards: 0
INFO 13:13:01.546137 Turn: 104, Snakes Alive: [Rule-based agent], Food: 10, Hazards: 0
INFO 13:13:01.549715 Turn: 105, Snakes Alive: [Rule-based agent], Food: 11, Hazards: 0
INFO 13:13:01.554234 Turn: 106, Snakes Alive: [Rule-based agent], Food: 11, Hazards: 0
INFO 13:13:01.560110 Turn: 107, Snakes Alive: [Rule-based agent], Food: 11, Hazards: 0
INFO 13:13:01.563632 Turn: 108, Snakes Alive: [Rule-based agent], Food: 11, Hazards: 0
INFO 13:13:01.566685 Turn: 109, Snakes Alive: [Rule-based agent], Food: 10, Hazards: 0
INFO 13:13:01.569198 Turn: 110, Snakes Alive: [Rule-based agent], Food: 10, Hazards: 0
INFO 13:13:01.575199 Turn: 111, Snakes Alive: [Rule-based agent], Food: 10, Hazards: 0
INFO 13:13:01.579167 Turn: 112, Snakes Alive: [Rule-based agent], Food: 10, Hazards: 0
INFO 13:13:01.582575 Turn: 113, Snakes Alive: [Rule-based agent], Food: 10, Hazards: 0
INFO 13:13:01.586521 Turn: 114, Snakes Alive: [Rule-based agent], Food: 10, Hazards: 0
INFO 13:13:01.591937 Turn: 115, Snakes Alive: [Rule-based agent], Food: 10, Hazards: 0
INFO 13:13:01.596188 Turn: 116, Snakes Alive: [Rule-based agent], Food: 10, Hazards: 0
INFO 13:13:01.599646 Turn: 117, Snakes Alive: [Rule-based agent], Food: 10, Hazards: 0
INFO 13:13:01.602526 Turn: 118, Snakes Alive: [Rule-based agent], Food: 10, Hazards: 0
INFO 13:13:01.608416 Turn: 119, Snakes Alive: [Rule-based agent], Food: 10, Hazards: 0
INFO 13:13:01.611839 Turn: 120, Snakes Alive: [Rule-based agent], Food: 10, Hazards: 0
INFO 13:13:01.616350 Turn: 121, Snakes Alive: [Rule-based agent], Food: 10, Hazards: 0
INFO 13:13:01.622259 Turn: 122, Snakes Alive: [Rule-based agent], Food: 10, Hazards: 0
INFO 13:13:01.624977 Turn: 123, Snakes Alive: [Rule-based agent], Food: 10, Hazards: 0
INFO 13:13:01.631359 Turn: 124, Snakes Alive: [Rule-based agent], Food: 10, Hazards: 0
INFO 13:13:01.636897 Turn: 125, Snakes Alive: [Rule-based agent], Food: 10, Hazards: 0
INFO 13:13:01.640812 Turn: 126, Snakes Alive: [Rule-based agent], Food: 10, Hazards: 0
INFO 13:13:01.645343 Turn: 127, Snakes Alive: [Rule-based agent], Food: 10, Hazards: 0
INFO 13:13:01.648465 Turn: 128, Snakes Alive: [Rule-based agent], Food: 10, Hazards: 0
INFO 13:13:01.653151 Turn: 129, Snakes Alive: [Rule-based agent], Food: 11, Hazards: 0
INFO 13:13:01.659561 Turn: 130, Snakes Alive: [Rule-based agent], Food: 11, Hazards: 0
INFO 13:13:01.663164 Turn: 131, Snakes Alive: [Rule-based agent], Food: 11, Hazards: 0
INFO 13:13:01.666360 Turn: 132, Snakes Alive: [Rule-based agent], Food: 11, Hazards: 0
INFO 13:13:01.669461 Turn: 133, Snakes Alive: [Rule-based agent], Food: 11, Hazards: 0
INFO 13:13:01.672825 Turn: 134, Snakes Alive: [Rule-based agent], Food: 11, Hazards: 0
INFO 13:13:01.677990 Turn: 135, Snakes Alive: [Rule-based agent], Food: 11, Hazards: 0
INFO 13:13:01.681369 Turn: 136, Snakes Alive: [Rule-based agent], Food: 10, Hazards: 0
INFO 13:13:01.685953 Turn: 137, Snakes Alive: [Rule-based agent], Food: 10, Hazards: 0
INFO 13:13:01.691227 Turn: 138, Snakes Alive: [Rule-based agent], Food: 10, Hazards: 0
INFO 13:13:01.695433 Turn: 139, Snakes Alive: [Rule-based agent], Food: 9, Hazards: 0
INFO 13:13:01.700066 Turn: 140, Snakes Alive: [Rule-based agent], Food: 9, Hazards: 0
INFO 13:13:01.703292 Turn: 141, Snakes Alive: [Rule-based agent], Food: 9, Hazards: 0
INFO 13:13:01.707105 Turn: 142, Snakes Alive: [Rule-based agent], Food: 9, Hazards: 0
INFO 13:13:01.710212 Turn: 143, Snakes Alive: [Rule-based agent], Food: 9, Hazards: 0
INFO 13:13:01.713234 Turn: 144, Snakes Alive: [Rule-based agent], Food: 9, Hazards: 0
INFO 13:13:01.717728 Turn: 145, Snakes Alive: [Rule-based agent], Food: 9, Hazards: 0
INFO 13:13:01.725699 Turn: 146, Snakes Alive: [Rule-based agent], Food: 9, Hazards: 0
INFO 13:13:01.730641 Turn: 147, Snakes Alive: [Rule-based agent], Food: 9, Hazards: 0
INFO 13:13:01.734367 Turn: 148, Snakes Alive: [Rule-based agent], Food: 10, Hazards: 0
INFO 13:13:01.737630 Turn: 149, Snakes Alive: [Rule-based agent], Food: 10, Hazards: 0
INFO 13:13:01.743818 Turn: 150, Snakes Alive: [Rule-based agent], Food: 10, Hazards: 0
INFO 13:13:01.747131 Turn: 151, Snakes Alive: [Rule-based agent], Food: 10, Hazards: 0
INFO 13:13:01.750328 Turn: 152, Snakes Alive: [Rule-based agent], Food: 10, Hazards: 0
INFO 13:13:01.755201 Turn: 153, Snakes Alive: [Rule-based agent], Food: 10, Hazards: 0
INFO 13:13:01.761123 Turn: 154, Snakes Alive: [Rule-based agent], Food: 9, Hazards: 0
INFO 13:13:01.765171 Turn: 155, Snakes Alive: [Rule-based agent], Food: 9, Hazards: 0
INFO 13:13:01.768427 Turn: 156, Snakes Alive: [Rule-based agent], Food: 9, Hazards: 0
INFO 13:13:01.772555 Turn: 157, Snakes Alive: [Rule-based agent], Food: 9, Hazards: 0
INFO 13:13:01.777478 Turn: 158, Snakes Alive: [Rule-based agent], Food: 9, Hazards: 0
INFO 13:13:01.783036 Turn: 159, Snakes Alive: [Rule-based agent], Food: 9, Hazards: 0
INFO 13:13:01.788115 Turn: 160, Snakes Alive: [Rule-based agent], Food: 9, Hazards: 0
INFO 13:13:01.791354 Turn: 161, Snakes Alive: [Rule-based agent], Food: 9, Hazards: 0
INFO 13:13:01.794876 Turn: 162, Snakes Alive: [], Food: 9, Hazards: 0
INFO 13:13:01.796682 Game completed after 163 turns.
INFO 13:13:01.879928 Snake ID: 87fb0369-c710-41ca-a205-9c70e32836c3 URL: http://127.0.0.1:55822, Name: "Rule-based agent"
INFO 13:13:01.913758 Ruleset: solo, Seed: 102
INFO 13:13:01.913758 Turn: 0, Snakes Alive: [Rule-based agent], Food: 2, Hazards: 0
INFO 13:13:01.937523 Turn: 1, Snakes Alive: [Rule-based agent], Food: 3, Hazards: 0
INFO 13:13:01.942016 Turn: 2, Snakes Alive: [Rule-based agent], Food: 3, Hazards: 0
INFO 13:13:01.945915 Turn: 3, Snakes Alive: [Rule-based agent], Food: 3, Hazards: 0
INFO 13:13:01.950157 Turn: 4, Snakes Alive: [Rule-based agent], Food: 3, Hazards: 0
INFO 13:13:01.952335 Turn: 5, Snakes Alive: [Rule-based agent], Food: 4, Hazards: 0
INFO 13:13:01.957431 Turn: 6, Snakes Alive: [Rule-based agent], Food: 4, Hazards: 0
INFO 13:13:01.960495 Turn: 7, Snakes Alive: [Rule-based agent], Food: 5, Hazards: 0
INFO 13:13:01.963599 Turn: 8, Snakes Alive: [Rule-based agent], Food: 5, Hazards: 0
INFO 13:13:01.967245 Turn: 9, Snakes Alive: [Rule-based agent], Food: 5, Hazards: 0
INFO 13:13:01.974781 Turn: 10, Snakes Alive: [Rule-based agent], Food: 5, Hazards: 0
INFO 13:13:01.981088 Turn: 11, Snakes Alive: [Rule-based agent], Food: 6, Hazards: 0
INFO 13:13:01.984651 Turn: 12, Snakes Alive: [Rule-based agent], Food: 7, Hazards: 0
INFO 13:13:01.988531 Turn: 13, Snakes Alive: [Rule-based agent], Food: 7, Hazards: 0
INFO 13:13:01.993183 Turn: 14, Snakes Alive: [Rule-based agent], Food: 7, Hazards: 0
INFO 13:13:01.997472 Turn: 15, Snakes Alive: [Rule-based agent], Food: 8, Hazards: 0
INFO 13:13:02.003777 Turn: 16, Snakes Alive: [Rule-based agent], Food: 8, Hazards: 0
INFO 13:13:02.011077 Turn: 17, Snakes Alive: [Rule-based agent], Food: 8, Hazards: 0
INFO 13:13:02.015385 Turn: 18, Snakes Alive: [Rule-based agent], Food: 8, Hazards: 0
INFO 13:13:02.019941 Turn: 19, Snakes Alive: [Rule-based agent], Food: 8, Hazards: 0
INFO 13:13:02.023488 Turn: 20, Snakes Alive: [Rule-based agent], Food: 8, Hazards: 0
INFO 13:13:02.028235 Turn: 21, Snakes Alive: [Rule-based agent], Food: 9, Hazards: 0
INFO 13:13:02.031884 Turn: 22, Snakes Alive: [Rule-based agent], Food: 9, Hazards: 0
INFO 13:13:02.037065 Turn: 23, Snakes Alive: [Rule-based agent], Food: 10, Hazards: 0
INFO 13:13:02.042256 Turn: 24, Snakes Alive: [Rule-based agent], Food: 11, Hazards: 0
INFO 13:13:02.046801 Turn: 25, Snakes Alive: [Rule-based agent], Food: 12, Hazards: 0
INFO 13:13:02.050020 Turn: 26, Snakes Alive: [Rule-based agent], Food: 12, Hazards: 0
INFO 13:13:02.053715 Turn: 27, Snakes Alive: [Rule-based agent], Food: 12, Hazards: 0
INFO 13:13:02.058324 Turn: 28, Snakes Alive: [Rule-based agent], Food: 13, Hazards: 0
INFO 13:13:02.064073 Turn: 29, Snakes Alive: [Rule-based agent], Food: 14, Hazards: 0
INFO 13:13:02.066162 Turn: 30, Snakes Alive: [Rule-based agent], Food: 14, Hazards: 0
INFO 13:13:02.071752 Turn: 31, Snakes Alive: [Rule-based agent], Food: 15, Hazards: 0
INFO 13:13:02.076634 Turn: 32, Snakes Alive: [Rule-based agent], Food: 15, Hazards: 0
INFO 13:13:02.081351 Turn: 33, Snakes Alive: [Rule-based agent], Food: 15, Hazards: 0
INFO 13:13:02.086510 Turn: 34, Snakes Alive: [Rule-based agent], Food: 15, Hazards: 0
INFO 13:13:02.090596 Turn: 35, Snakes Alive: [Rule-based agent], Food: 15, Hazards: 0
INFO 13:13:02.094567 Turn: 36, Snakes Alive: [Rule-based agent], Food: 15, Hazards: 0
INFO 13:13:02.098271 Turn: 37, Snakes Alive: [Rule-based agent], Food: 15, Hazards: 0
INFO 13:13:02.103769 Turn: 38, Snakes Alive: [Rule-based agent], Food: 15, Hazards: 0
INFO 13:13:02.108648 Turn: 39, Snakes Alive: [Rule-based agent], Food: 15, Hazards: 0
INFO 13:13:02.112550 Turn: 40, Snakes Alive: [Rule-based agent], Food: 15, Hazards: 0
INFO 13:13:02.115897 Turn: 41, Snakes Alive: [Rule-based agent], Food: 15, Hazards: 0
INFO 13:13:02.120509 Turn: 42, Snakes Alive: [Rule-based agent], Food: 15, Hazards: 0
INFO 13:13:02.124015 Turn: 43, Snakes Alive: [Rule-based agent], Food: 15, Hazards: 0
INFO 13:13:02.128701 Turn: 44, Snakes Alive: [Rule-based agent], Food: 15, Hazards: 0
INFO 13:13:02.131257 Turn: 45, Snakes Alive: [Rule-based agent], Food: 15, Hazards: 0
INFO 13:13:02.135255 Turn: 46, Snakes Alive: [Rule-based agent], Food: 14, Hazards: 0
INFO 13:13:02.140397 Turn: 47, Snakes Alive: [Rule-based agent], Food: 14, Hazards: 0
INFO 13:13:02.146553 Turn: 48, Snakes Alive: [Rule-based agent], Food: 15, Hazards: 0
INFO 13:13:02.149236 Turn: 49, Snakes Alive: [Rule-based agent], Food: 15, Hazards: 0
INFO 13:13:02.156505 Turn: 50, Snakes Alive: [Rule-based agent], Food: 15, Hazards: 0
INFO 13:13:02.161483 Turn: 51, Snakes Alive: [Rule-based agent], Food: 15, Hazards: 0
INFO 13:13:02.165634 Turn: 52, Snakes Alive: [Rule-based agent], Food: 15, Hazards: 0
INFO 13:13:02.170922 Turn: 53, Snakes Alive: [Rule-based agent], Food: 14, Hazards: 0
INFO 13:13:02.176552 Turn: 54, Snakes Alive: [Rule-based agent], Food: 15, Hazards: 0
INFO 13:13:02.180120 Turn: 55, Snakes Alive: [Rule-based agent], Food: 15, Hazards: 0
INFO 13:13:02.183999 Turn: 56, Snakes Alive: [Rule-based agent], Food: 16, Hazards: 0
INFO 13:13:02.187813 Turn: 57, Snakes Alive: [Rule-based agent], Food: 16, Hazards: 0
INFO 13:13:02.192953 Turn: 58, Snakes Alive: [Rule-based agent], Food: 16, Hazards: 0
INFO 13:13:02.196740 Turn: 59, Snakes Alive: [Rule-based agent], Food: 16, Hazards: 0
INFO 13:13:02.200224 Turn: 60, Snakes Alive: [Rule-based agent], Food: 16, Hazards: 0
INFO 13:13:02.204760 Turn: 61, Snakes Alive: [Rule-based agent], Food: 16, Hazards: 0
INFO 13:13:02.209906 Turn: 62, Snakes Alive: [Rule-based agent], Food: 16, Hazards: 0
INFO 13:13:02.214767 Turn: 63, Snakes Alive: [Rule-based agent], Food: 16, Hazards: 0
INFO 13:13:02.219345 Turn: 64, Snakes Alive: [Rule-based agent], Food: 16, Hazards: 0
INFO 13:13:02.224680 Turn: 65, Snakes Alive: [Rule-based agent], Food: 16, Hazards: 0
INFO 13:13:02.228883 Turn: 66, Snakes Alive: [Rule-based agent], Food: 16, Hazards: 0
INFO 13:13:02.233195 Turn: 67, Snakes Alive: [Rule-based agent], Food: 15, Hazards: 0
INFO 13:13:02.237405 Turn: 68, Snakes Alive: [Rule-based agent], Food: 15, Hazards: 0
INFO 13:13:02.240853 Turn: 69, Snakes Alive: [Rule-based agent], Food: 15, Hazards: 0
INFO 13:13:02.245026 Turn: 70, Snakes Alive: [Rule-based agent], Food: 15, Hazards: 0
INFO 13:13:02.249640 Turn: 71, Snakes Alive: [Rule-based agent], Food: 16, Hazards: 0
INFO 13:13:02.254174 Turn: 72, Snakes Alive: [Rule-based agent], Food: 16, Hazards: 0
INFO 13:13:02.259063 Turn: 73, Snakes Alive: [Rule-based agent], Food: 16, Hazards: 0
INFO 13:13:02.262886 Turn: 74, Snakes Alive: [Rule-based agent], Food: 15, Hazards: 0
INFO 13:13:02.266050 Turn: 75, Snakes Alive: [Rule-based agent], Food: 16, Hazards: 0
INFO 13:13:02.270849 Turn: 76, Snakes Alive: [Rule-based agent], Food: 17, Hazards: 0
INFO 13:13:02.276471 Turn: 77, Snakes Alive: [Rule-based agent], Food: 17, Hazards: 0
INFO 13:13:02.280300 Turn: 78, Snakes Alive: [Rule-based agent], Food: 17, Hazards: 0
INFO 13:13:02.284035 Turn: 79, Snakes Alive: [Rule-based agent], Food: 17, Hazards: 0
INFO 13:13:02.291182 Turn: 80, Snakes Alive: [Rule-based agent], Food: 17, Hazards: 0
INFO 13:13:02.295877 Turn: 81, Snakes Alive: [Rule-based agent], Food: 17, Hazards: 0
INFO 13:13:02.301364 Turn: 82, Snakes Alive: [Rule-based agent], Food: 17, Hazards: 0
INFO 13:13:02.305955 Turn: 83, Snakes Alive: [Rule-based agent], Food: 17, Hazards: 0
INFO 13:13:02.312335 Turn: 84, Snakes Alive: [Rule-based agent], Food: 17, Hazards: 0
INFO 13:13:02.316802 Turn: 85, Snakes Alive: [Rule-based agent], Food: 17, Hazards: 0
INFO 13:13:02.322178 Turn: 86, Snakes Alive: [Rule-based agent], Food: 17, Hazards: 0
INFO 13:13:02.326819 Turn: 87, Snakes Alive: [Rule-based agent], Food: 17, Hazards: 0
INFO 13:13:02.332168 Turn: 88, Snakes Alive: [Rule-based agent], Food: 17, Hazards: 0
INFO 13:13:02.337851 Turn: 89, Snakes Alive: [Rule-based agent], Food: 17, Hazards: 0
INFO 13:13:02.342612 Turn: 90, Snakes Alive: [Rule-based agent], Food: 17, Hazards: 0
INFO 13:13:02.347014 Turn: 91, Snakes Alive: [Rule-based agent], Food: 17, Hazards: 0
INFO 13:13:02.349970 Turn: 92, Snakes Alive: [Rule-based agent], Food: 17, Hazards: 0
INFO 13:13:02.357074 Turn: 93, Snakes Alive: [Rule-based agent], Food: 17, Hazards: 0
INFO 13:13:02.361775 Turn: 94, Snakes Alive: [Rule-based agent], Food: 17, Hazards: 0
INFO 13:13:02.366403 Turn: 95, Snakes Alive: [Rule-based agent], Food: 17, Hazards: 0
INFO 13:13:02.370456 Turn: 96, Snakes Alive: [Rule-based agent], Food: 17, Hazards: 0
INFO 13:13:02.374219 Turn: 97, Snakes Alive: [], Food: 17, Hazards: 0
INFO 13:13:02.377860 Game completed after 98 turns.
INFO 13:13:02.468002 Snake ID: 69f18fc3-c5f0-4dd4-b175-16e215c3d552 URL: http://127.0.0.1:55822, Name: "Rule-based agent"
INFO 13:13:02.497480 Ruleset: solo, Seed: 103
INFO 13:13:02.498463 Turn: 0, Snakes Alive: [Rule-based agent], Food: 2, Hazards: 0
INFO 13:13:02.511754 Turn: 1, Snakes Alive: [Rule-based agent], Food: 2, Hazards: 0
INFO 13:13:02.515169 Turn: 2, Snakes Alive: [Rule-based agent], Food: 1, Hazards: 0
INFO 13:13:02.518253 Turn: 3, Snakes Alive: [Rule-based agent], Food: 1, Hazards: 0
INFO 13:13:02.523658 Turn: 4, Snakes Alive: [Rule-based agent], Food: 2, Hazards: 0
INFO 13:13:02.529036 Turn: 5, Snakes Alive: [Rule-based agent], Food: 2, Hazards: 0
INFO 13:13:02.531664 Turn: 6, Snakes Alive: [Rule-based agent], Food: 3, Hazards: 0
INFO 13:13:02.535919 Turn: 7, Snakes Alive: [Rule-based agent], Food: 3, Hazards: 0
INFO 13:13:02.538978 Turn: 8, Snakes Alive: [Rule-based agent], Food: 3, Hazards: 0
INFO 13:13:02.543829 Turn: 9, Snakes Alive: [Rule-based agent], Food: 3, Hazards: 0
INFO 13:13:02.547886 Turn: 10, Snakes Alive: [Rule-based agent], Food: 4, Hazards: 0
INFO 13:13:02.551827 Turn: 11, Snakes Alive: [Rule-based agent], Food: 5, Hazards: 0
INFO 13:13:02.554858 Turn: 12, Snakes Alive: [Rule-based agent], Food: 5, Hazards: 0
INFO 13:13:02.559022 Turn: 13, Snakes Alive: [Rule-based agent], Food: 4, Hazards: 0
INFO 13:13:02.562663 Turn: 14, Snakes Alive: [Rule-based agent], Food: 5, Hazards: 0
INFO 13:13:02.565715 Turn: 15, Snakes Alive: [Rule-based agent], Food: 5, Hazards: 0
INFO 13:13:02.569678 Turn: 16, Snakes Alive: [Rule-based agent], Food: 5, Hazards: 0
INFO 13:13:02.574589 Turn: 17, Snakes Alive: [Rule-based agent], Food: 5, Hazards: 0
INFO 13:13:02.578891 Turn: 18, Snakes Alive: [Rule-based agent], Food: 5, Hazards: 0
INFO 13:13:02.582138 Turn: 19, Snakes Alive: [Rule-based agent], Food: 4, Hazards: 0
INFO 13:13:02.585642 Turn: 20, Snakes Alive: [Rule-based agent], Food: 5, Hazards: 0
INFO 13:13:02.589252 Turn: 21, Snakes Alive: [Rule-based agent], Food: 5, Hazards: 0
INFO 13:13:02.594171 Turn: 22, Snakes Alive: [Rule-based agent], Food: 6, Hazards: 0
INFO 13:13:02.596963 Turn: 23, Snakes Alive: [Rule-based agent], Food: 7, Hazards: 0
INFO 13:13:02.600431 Turn: 24, Snakes Alive: [Rule-based agent], Food: 8, Hazards: 0
INFO 13:13:02.604915 Turn: 25, Snakes Alive: [Rule-based agent], Food: 8, Hazards: 0
INFO 13:13:02.609770 Turn: 26, Snakes Alive: [Rule-based agent], Food: 8, Hazards: 0
INFO 13:13:02.613357 Turn: 27, Snakes Alive: [Rule-based agent], Food: 9, Hazards: 0
INFO 13:13:02.617137 Turn: 28, Snakes Alive: [Rule-based agent], Food: 10, Hazards: 0
INFO 13:13:02.620809 Turn: 29, Snakes Alive: [Rule-based agent], Food: 9, Hazards: 0
INFO 13:13:02.624147 Turn: 30, Snakes Alive: [Rule-based agent], Food: 10, Hazards: 0
INFO 13:13:02.628906 Turn: 31, Snakes Alive: [Rule-based agent], Food: 10, Hazards: 0
INFO 13:13:02.632040 Turn: 32, Snakes Alive: [Rule-based agent], Food: 10, Hazards: 0
INFO 13:13:02.637188 Turn: 33, Snakes Alive: [Rule-based agent], Food: 10, Hazards: 0
INFO 13:13:02.642024 Turn: 34, Snakes Alive: [Rule-based agent], Food: 10, Hazards: 0
INFO 13:13:02.646232 Turn: 35, Snakes Alive: [Rule-based agent], Food: 10, Hazards: 0
INFO 13:13:02.648877 Turn: 36, Snakes Alive: [Rule-based agent], Food: 10, Hazards: 0
INFO 13:13:02.652700 Turn: 37, Snakes Alive: [Rule-based agent], Food: 10, Hazards: 0
INFO 13:13:02.655151 Turn: 38, Snakes Alive: [Rule-based agent], Food: 9, Hazards: 0
INFO 13:13:02.659108 Turn: 39, Snakes Alive: [Rule-based agent], Food: 9, Hazards: 0
INFO 13:13:02.662092 Turn: 40, Snakes Alive: [Rule-based agent], Food: 9, Hazards: 0
INFO 13:13:02.664182 Turn: 41, Snakes Alive: [Rule-based agent], Food: 9, Hazards: 0
INFO 13:13:02.668843 Turn: 42, Snakes Alive: [Rule-based agent], Food: 9, Hazards: 0
INFO 13:13:02.673744 Turn: 43, Snakes Alive: [Rule-based agent], Food: 9, Hazards: 0
INFO 13:13:02.678325 Turn: 44, Snakes Alive: [Rule-based agent], Food: 9, Hazards: 0
INFO 13:13:02.682575 Turn: 45, Snakes Alive: [Rule-based agent], Food: 9, Hazards: 0
INFO 13:13:02.685875 Turn: 46, Snakes Alive: [Rule-based agent], Food: 9, Hazards: 0
INFO 13:13:02.689717 Turn: 47, Snakes Alive: [Rule-based agent], Food: 10, Hazards: 0
INFO 13:13:02.694208 Turn: 48, Snakes Alive: [Rule-based agent], Food: 10, Hazards: 0
INFO 13:13:02.699993 Turn: 49, Snakes Alive: [Rule-based agent], Food: 10, Hazards: 0
INFO 13:13:02.703746 Turn: 50, Snakes Alive: [Rule-based agent], Food: 10, Hazards: 0
INFO 13:13:02.708502 Turn: 51, Snakes Alive: [Rule-based agent], Food: 11, Hazards: 0
INFO 13:13:02.712280 Turn: 52, Snakes Alive: [Rule-based agent], Food: 11, Hazards: 0
INFO 13:13:02.717214 Turn: 53, Snakes Alive: [Rule-based agent], Food: 12, Hazards: 0
INFO 13:13:02.721654 Turn: 54, Snakes Alive: [Rule-based agent], Food: 12, Hazards: 0
INFO 13:13:02.725163 Turn: 55, Snakes Alive: [Rule-based agent], Food: 12, Hazards: 0
INFO 13:13:02.729505 Turn: 56, Snakes Alive: [Rule-based agent], Food: 12, Hazards: 0
INFO 13:13:02.733091 Turn: 57, Snakes Alive: [], Food: 12, Hazards: 0
INFO 13:13:02.736197 Game completed after 58 turns.
INFO 13:13:02.825024 Snake ID: 66398767-b1c8-41fd-a5e6-1539b93acfd4 URL: http://127.0.0.1:55822, Name: "Rule-based agent"
INFO 13:13:02.860925 Ruleset: solo, Seed: 104
INFO 13:13:02.860925 Turn: 0, Snakes Alive: [Rule-based agent], Food: 2, Hazards: 0
INFO 13:13:02.882216 Turn: 1, Snakes Alive: [Rule-based agent], Food: 2, Hazards: 0
INFO 13:13:02.884919 Turn: 2, Snakes Alive: [Rule-based agent], Food: 1, Hazards: 0
INFO 13:13:02.889542 Turn: 3, Snakes Alive: [Rule-based agent], Food: 2, Hazards: 0
INFO 13:13:02.892863 Turn: 4, Snakes Alive: [Rule-based agent], Food: 2, Hazards: 0
INFO 13:13:02.895525 Turn: 5, Snakes Alive: [Rule-based agent], Food: 3, Hazards: 0
INFO 13:13:02.898406 Turn: 6, Snakes Alive: [Rule-based agent], Food: 3, Hazards: 0
INFO 13:13:02.902582 Turn: 7, Snakes Alive: [Rule-based agent], Food: 3, Hazards: 0
INFO 13:13:02.906624 Turn: 8, Snakes Alive: [Rule-based agent], Food: 3, Hazards: 0
INFO 13:13:02.911024 Turn: 9, Snakes Alive: [Rule-based agent], Food: 4, Hazards: 0
INFO 13:13:02.914888 Turn: 10, Snakes Alive: [Rule-based agent], Food: 5, Hazards: 0
INFO 13:13:02.918555 Turn: 11, Snakes Alive: [Rule-based agent], Food: 5, Hazards: 0
INFO 13:13:02.924229 Turn: 12, Snakes Alive: [Rule-based agent], Food: 5, Hazards: 0
INFO 13:13:02.928544 Turn: 13, Snakes Alive: [Rule-based agent], Food: 6, Hazards: 0
INFO 13:13:02.932900 Turn: 14, Snakes Alive: [Rule-based agent], Food: 6, Hazards: 0
INFO 13:13:02.937168 Turn: 15, Snakes Alive: [Rule-based agent], Food: 6, Hazards: 0
INFO 13:13:02.941423 Turn: 16, Snakes Alive: [Rule-based agent], Food: 6, Hazards: 0
INFO 13:13:02.945309 Turn: 17, Snakes Alive: [Rule-based agent], Food: 6, Hazards: 0
INFO 13:13:02.949003 Turn: 18, Snakes Alive: [Rule-based agent], Food: 6, Hazards: 0
INFO 13:13:02.951686 Turn: 19, Snakes Alive: [Rule-based agent], Food: 7, Hazards: 0
INFO 13:13:02.956263 Turn: 20, Snakes Alive: [Rule-based agent], Food: 7, Hazards: 0
INFO 13:13:02.961322 Turn: 21, Snakes Alive: [Rule-based agent], Food: 8, Hazards: 0
INFO 13:13:02.965088 Turn: 22, Snakes Alive: [Rule-based agent], Food: 9, Hazards: 0
INFO 13:13:02.968998 Turn: 23, Snakes Alive: [Rule-based agent], Food: 10, Hazards: 0
INFO 13:13:02.970777 Turn: 24, Snakes Alive: [Rule-based agent], Food: 10, Hazards: 0
INFO 13:13:02.976529 Turn: 25, Snakes Alive: [Rule-based agent], Food: 10, Hazards: 0
INFO 13:13:02.979627 Turn: 26, Snakes Alive: [Rule-based agent], Food: 11, Hazards: 0
INFO 13:13:02.983148 Turn: 27, Snakes Alive: [Rule-based agent], Food: 12, Hazards: 0
INFO 13:13:02.987966 Turn: 28, Snakes Alive: [Rule-based agent], Food: 12, Hazards: 0
INFO 13:13:02.992710 Turn: 29, Snakes Alive: [Rule-based agent], Food: 13, Hazards: 0
INFO 13:13:02.997689 Turn: 30, Snakes Alive: [Rule-based agent], Food: 13, Hazards: 0
INFO 13:13:03.000741 Turn: 31, Snakes Alive: [Rule-based agent], Food: 13, Hazards: 0
INFO 13:13:03.004611 Turn: 32, Snakes Alive: [Rule-based agent], Food: 13, Hazards: 0
INFO 13:13:03.009705 Turn: 33, Snakes Alive: [Rule-based agent], Food: 13, Hazards: 0
INFO 13:13:03.014753 Turn: 34, Snakes Alive: [Rule-based agent], Food: 13, Hazards: 0
INFO 13:13:03.019890 Turn: 35, Snakes Alive: [Rule-based agent], Food: 13, Hazards: 0
INFO 13:13:03.024719 Turn: 36, Snakes Alive: [Rule-based agent], Food: 13, Hazards: 0
INFO 13:13:03.029370 Turn: 37, Snakes Alive: [Rule-based agent], Food: 13, Hazards: 0
INFO 13:13:03.033014 Turn: 38, Snakes Alive: [Rule-based agent], Food: 13, Hazards: 0
INFO 13:13:03.035689 Turn: 39, Snakes Alive: [Rule-based agent], Food: 13, Hazards: 0
INFO 13:13:03.040352 Turn: 40, Snakes Alive: [Rule-based agent], Food: 12, Hazards: 0
INFO 13:13:03.044653 Turn: 41, Snakes Alive: [Rule-based agent], Food: 12, Hazards: 0
INFO 13:13:03.048691 Turn: 42, Snakes Alive: [Rule-based agent], Food: 12, Hazards: 0
INFO 13:13:03.052059 Turn: 43, Snakes Alive: [Rule-based agent], Food: 12, Hazards: 0
INFO 13:13:03.058262 Turn: 44, Snakes Alive: [Rule-based agent], Food: 12, Hazards: 0
INFO 13:13:03.063686 Turn: 45, Snakes Alive: [Rule-based agent], Food: 11, Hazards: 0
INFO 13:13:03.068628 Turn: 46, Snakes Alive: [Rule-based agent], Food: 12, Hazards: 0
INFO 13:13:03.073834 Turn: 47, Snakes Alive: [Rule-based agent], Food: 12, Hazards: 0
INFO 13:13:03.079555 Turn: 48, Snakes Alive: [Rule-based agent], Food: 12, Hazards: 0
INFO 13:13:03.083663 Turn: 49, Snakes Alive: [Rule-based agent], Food: 11, Hazards: 0
INFO 13:13:03.089916 Turn: 50, Snakes Alive: [Rule-based agent], Food: 11, Hazards: 0
INFO 13:13:03.095247 Turn: 51, Snakes Alive: [Rule-based agent], Food: 11, Hazards: 0
INFO 13:13:03.099082 Turn: 52, Snakes Alive: [Rule-based agent], Food: 12, Hazards: 0
INFO 13:13:03.102802 Turn: 53, Snakes Alive: [Rule-based agent], Food: 12, Hazards: 0
INFO 13:13:03.107268 Turn: 54, Snakes Alive: [Rule-based agent], Food: 13, Hazards: 0
INFO 13:13:03.110592 Turn: 55, Snakes Alive: [Rule-based agent], Food: 13, Hazards: 0
INFO 13:13:03.114769 Turn: 56, Snakes Alive: [Rule-based agent], Food: 13, Hazards: 0
INFO 13:13:03.119192 Turn: 57, Snakes Alive: [Rule-based agent], Food: 13, Hazards: 0
INFO 13:13:03.124649 Turn: 58, Snakes Alive: [Rule-based agent], Food: 13, Hazards: 0
INFO 13:13:03.130132 Turn: 59, Snakes Alive: [Rule-based agent], Food: 13, Hazards: 0
INFO 13:13:03.133723 Turn: 60, Snakes Alive: [Rule-based agent], Food: 13, Hazards: 0
INFO 13:13:03.136563 Turn: 61, Snakes Alive: [Rule-based agent], Food: 13, Hazards: 0
INFO 13:13:03.141062 Turn: 62, Snakes Alive: [Rule-based agent], Food: 13, Hazards: 0
INFO 13:13:03.145482 Turn: 63, Snakes Alive: [Rule-based agent], Food: 13, Hazards: 0
INFO 13:13:03.150115 Turn: 64, Snakes Alive: [Rule-based agent], Food: 13, Hazards: 0
INFO 13:13:03.154911 Turn: 65, Snakes Alive: [Rule-based agent], Food: 13, Hazards: 0
INFO 13:13:03.159099 Turn: 66, Snakes Alive: [Rule-based agent], Food: 12, Hazards: 0
INFO 13:13:03.163668 Turn: 67, Snakes Alive: [Rule-based agent], Food: 12, Hazards: 0
INFO 13:13:03.167823 Turn: 68, Snakes Alive: [Rule-based agent], Food: 12, Hazards: 0
INFO 13:13:03.171385 Turn: 69, Snakes Alive: [Rule-based agent], Food: 13, Hazards: 0
INFO 13:13:03.174742 Turn: 70, Snakes Alive: [Rule-based agent], Food: 13, Hazards: 0
INFO 13:13:03.179349 Turn: 71, Snakes Alive: [Rule-based agent], Food: 13, Hazards: 0
INFO 13:13:03.182958 Turn: 72, Snakes Alive: [Rule-based agent], Food: 13, Hazards: 0
INFO 13:13:03.187376 Turn: 73, Snakes Alive: [Rule-based agent], Food: 14, Hazards: 0
INFO 13:13:03.191838 Turn: 74, Snakes Alive: [Rule-based agent], Food: 15, Hazards: 0
INFO 13:13:03.195518 Turn: 75, Snakes Alive: [Rule-based agent], Food: 14, Hazards: 0
INFO 13:13:03.199789 Turn: 76, Snakes Alive: [Rule-based agent], Food: 14, Hazards: 0
INFO 13:13:03.203138 Turn: 77, Snakes Alive: [Rule-based agent], Food: 15, Hazards: 0
INFO 13:13:03.207300 Turn: 78, Snakes Alive: [Rule-based agent], Food: 15, Hazards: 0
INFO 13:13:03.211739 Turn: 79, Snakes Alive: [Rule-based agent], Food: 15, Hazards: 0
INFO 13:13:03.214859 Turn: 80, Snakes Alive: [Rule-based agent], Food: 14, Hazards: 0
INFO 13:13:03.217473 Turn: 81, Snakes Alive: [Rule-based agent], Food: 14, Hazards: 0
INFO 13:13:03.224051 Turn: 82, Snakes Alive: [Rule-based agent], Food: 14, Hazards: 0
INFO 13:13:03.229207 Turn: 83, Snakes Alive: [Rule-based agent], Food: 14, Hazards: 0
INFO 13:13:03.233365 Turn: 84, Snakes Alive: [Rule-based agent], Food: 14, Hazards: 0
INFO 13:13:03.236854 Turn: 85, Snakes Alive: [Rule-based agent], Food: 14, Hazards: 0
INFO 13:13:03.238994 Turn: 86, Snakes Alive: [Rule-based agent], Food: 14, Hazards: 0
INFO 13:13:03.243619 Turn: 87, Snakes Alive: [Rule-based agent], Food: 13, Hazards: 0
INFO 13:13:03.248031 Turn: 88, Snakes Alive: [Rule-based agent], Food: 13, Hazards: 0
INFO 13:13:03.251524 Turn: 89, Snakes Alive: [Rule-based agent], Food: 12, Hazards: 0
INFO 13:13:03.255214 Turn: 90, Snakes Alive: [Rule-based agent], Food: 12, Hazards: 0
INFO 13:13:03.257277 Turn: 91, Snakes Alive: [Rule-based agent], Food: 12, Hazards: 0
INFO 13:13:03.261938 Turn: 92, Snakes Alive: [Rule-based agent], Food: 12, Hazards: 0
INFO 13:13:03.266685 Turn: 93, Snakes Alive: [Rule-based agent], Food: 12, Hazards: 0
INFO 13:13:03.270683 Turn: 94, Snakes Alive: [Rule-based agent], Food: 12, Hazards: 0
INFO 13:13:03.276813 Turn: 95, Snakes Alive: [], Food: 12, Hazards: 0
INFO 13:13:03.278873 Game completed after 96 turns.
INFO 13:13:03.376602 Snake ID: 0a10dbdb-bb37-4eb6-b1a8-eb9035e44b9a URL: http://127.0.0.1:55822, Name: "Rule-based agent"
INFO 13:13:03.411214 Ruleset: solo, Seed: 105
INFO 13:13:03.411214 Turn: 0, Snakes Alive: [Rule-based agent], Food: 2, Hazards: 0
INFO 13:13:03.426745 Turn: 1, Snakes Alive: [Rule-based agent], Food: 2, Hazards: 0
INFO 13:13:03.429836 Turn: 2, Snakes Alive: [Rule-based agent], Food: 3, Hazards: 0
INFO 13:13:03.433863 Turn: 3, Snakes Alive: [Rule-based agent], Food: 3, Hazards: 0
INFO 13:13:03.438248 Turn: 4, Snakes Alive: [Rule-based agent], Food: 4, Hazards: 0
INFO 13:13:03.445332 Turn: 5, Snakes Alive: [Rule-based agent], Food: 4, Hazards: 0
INFO 13:13:03.449019 Turn: 6, Snakes Alive: [Rule-based agent], Food: 4, Hazards: 0
INFO 13:13:03.452734 Turn: 7, Snakes Alive: [Rule-based agent], Food: 4, Hazards: 0
INFO 13:13:03.456923 Turn: 8, Snakes Alive: [Rule-based agent], Food: 5, Hazards: 0
INFO 13:13:03.461180 Turn: 9, Snakes Alive: [Rule-based agent], Food: 6, Hazards: 0
INFO 13:13:03.464720 Turn: 10, Snakes Alive: [Rule-based agent], Food: 6, Hazards: 0
INFO 13:13:03.468369 Turn: 11, Snakes Alive: [Rule-based agent], Food: 6, Hazards: 0
INFO 13:13:03.473206 Turn: 12, Snakes Alive: [Rule-based agent], Food: 7, Hazards: 0
INFO 13:13:03.479066 Turn: 13, Snakes Alive: [Rule-based agent], Food: 7, Hazards: 0
INFO 13:13:03.483408 Turn: 14, Snakes Alive: [Rule-based agent], Food: 7, Hazards: 0
INFO 13:13:03.485785 Turn: 15, Snakes Alive: [Rule-based agent], Food: 7, Hazards: 0
INFO 13:13:03.490094 Turn: 16, Snakes Alive: [Rule-based agent], Food: 7, Hazards: 0
INFO 13:13:03.493612 Turn: 17, Snakes Alive: [Rule-based agent], Food: 7, Hazards: 0
INFO 13:13:03.495775 Turn: 18, Snakes Alive: [Rule-based agent], Food: 7, Hazards: 0
INFO 13:13:03.500849 Turn: 19, Snakes Alive: [Rule-based agent], Food: 7, Hazards: 0
INFO 13:13:03.505077 Turn: 20, Snakes Alive: [Rule-based agent], Food: 8, Hazards: 0
INFO 13:13:03.511497 Turn: 21, Snakes Alive: [Rule-based agent], Food: 9, Hazards: 0
INFO 13:13:03.514923 Turn: 22, Snakes Alive: [Rule-based agent], Food: 10, Hazards: 0
INFO 13:13:03.518161 Turn: 23, Snakes Alive: [Rule-based agent], Food: 10, Hazards: 0
INFO 13:13:03.522984 Turn: 24, Snakes Alive: [Rule-based agent], Food: 10, Hazards: 0
INFO 13:13:03.528737 Turn: 25, Snakes Alive: [Rule-based agent], Food: 11, Hazards: 0
INFO 13:13:03.532555 Turn: 26, Snakes Alive: [Rule-based agent], Food: 11, Hazards: 0
INFO 13:13:03.536298 Turn: 27, Snakes Alive: [Rule-based agent], Food: 11, Hazards: 0
INFO 13:13:03.541933 Turn: 28, Snakes Alive: [Rule-based agent], Food: 12, Hazards: 0
INFO 13:13:03.547311 Turn: 29, Snakes Alive: [Rule-based agent], Food: 12, Hazards: 0
INFO 13:13:03.552786 Turn: 30, Snakes Alive: [Rule-based agent], Food: 12, Hazards: 0
INFO 13:13:03.556322 Turn: 31, Snakes Alive: [Rule-based agent], Food: 12, Hazards: 0
INFO 13:13:03.560512 Turn: 32, Snakes Alive: [Rule-based agent], Food: 12, Hazards: 0
INFO 13:13:03.564120 Turn: 33, Snakes Alive: [Rule-based agent], Food: 12, Hazards: 0
INFO 13:13:03.568215 Turn: 34, Snakes Alive: [Rule-based agent], Food: 12, Hazards: 0
INFO 13:13:03.573097 Turn: 35, Snakes Alive: [Rule-based agent], Food: 12, Hazards: 0
INFO 13:13:03.575171 Turn: 36, Snakes Alive: [Rule-based agent], Food: 12, Hazards: 0
INFO 13:13:03.579800 Turn: 37, Snakes Alive: [Rule-based agent], Food: 12, Hazards: 0
INFO 13:13:03.583627 Turn: 38, Snakes Alive: [Rule-based agent], Food: 12, Hazards: 0
INFO 13:13:03.587125 Turn: 39, Snakes Alive: [Rule-based agent], Food: 12, Hazards: 0
INFO 13:13:03.590944 Turn: 40, Snakes Alive: [Rule-based agent], Food: 12, Hazards: 0
INFO 13:13:03.594670 Turn: 41, Snakes Alive: [Rule-based agent], Food: 11, Hazards: 0
INFO 13:13:03.597829 Turn: 42, Snakes Alive: [Rule-based agent], Food: 11, Hazards: 0
INFO 13:13:03.601894 Turn: 43, Snakes Alive: [Rule-based agent], Food: 11, Hazards: 0
INFO 13:13:03.605453 Turn: 44, Snakes Alive: [Rule-based agent], Food: 10, Hazards: 0
INFO 13:13:03.610324 Turn: 45, Snakes Alive: [Rule-based agent], Food: 11, Hazards: 0
INFO 13:13:03.613958 Turn: 46, Snakes Alive: [Rule-based agent], Food: 10, Hazards: 0
INFO 13:13:03.617908 Turn: 47, Snakes Alive: [Rule-based agent], Food: 10, Hazards: 0
INFO 13:13:03.623752 Turn: 48, Snakes Alive: [Rule-based agent], Food: 9, Hazards: 0
INFO 13:13:03.628439 Turn: 49, Snakes Alive: [Rule-based agent], Food: 10, Hazards: 0
INFO 13:13:03.631497 Turn: 50, Snakes Alive: [Rule-based agent], Food: 10, Hazards: 0
INFO 13:13:03.636421 Turn: 51, Snakes Alive: [Rule-based agent], Food: 11, Hazards: 0
INFO 13:13:03.640850 Turn: 52, Snakes Alive: [Rule-based agent], Food: 11, Hazards: 0
INFO 13:13:03.645434 Turn: 53, Snakes Alive: [Rule-based agent], Food: 12, Hazards: 0
INFO 13:13:03.648940 Turn: 54, Snakes Alive: [Rule-based agent], Food: 12, Hazards: 0
INFO 13:13:03.654581 Turn: 55, Snakes Alive: [Rule-based agent], Food: 12, Hazards: 0
INFO 13:13:03.658546 Turn: 56, Snakes Alive: [Rule-based agent], Food: 12, Hazards: 0
INFO 13:13:03.663086 Turn: 57, Snakes Alive: [Rule-based agent], Food: 12, Hazards: 0
INFO 13:13:03.667149 Turn: 58, Snakes Alive: [Rule-based agent], Food: 11, Hazards: 0
INFO 13:13:03.671033 Turn: 59, Snakes Alive: [Rule-based agent], Food: 11, Hazards: 0
INFO 13:13:03.677185 Turn: 60, Snakes Alive: [Rule-based agent], Food: 11, Hazards: 0
INFO 13:13:03.681741 Turn: 61, Snakes Alive: [Rule-based agent], Food: 11, Hazards: 0
INFO 13:13:03.686405 Turn: 62, Snakes Alive: [Rule-based agent], Food: 11, Hazards: 0
INFO 13:13:03.691027 Turn: 63, Snakes Alive: [Rule-based agent], Food: 11, Hazards: 0
INFO 13:13:03.696509 Turn: 64, Snakes Alive: [Rule-based agent], Food: 11, Hazards: 0
INFO 13:13:03.699877 Turn: 65, Snakes Alive: [Rule-based agent], Food: 11, Hazards: 0
INFO 13:13:03.703415 Turn: 66, Snakes Alive: [Rule-based agent], Food: 11, Hazards: 0
INFO 13:13:03.709471 Turn: 67, Snakes Alive: [Rule-based agent], Food: 11, Hazards: 0
INFO 13:13:03.713267 Turn: 68, Snakes Alive: [Rule-based agent], Food: 12, Hazards: 0
INFO 13:13:03.717228 Turn: 69, Snakes Alive: [Rule-based agent], Food: 12, Hazards: 0
INFO 13:13:03.723145 Turn: 70, Snakes Alive: [Rule-based agent], Food: 12, Hazards: 0
INFO 13:13:03.729455 Turn: 71, Snakes Alive: [Rule-based agent], Food: 12, Hazards: 0
INFO 13:13:03.733856 Turn: 72, Snakes Alive: [Rule-based agent], Food: 13, Hazards: 0
INFO 13:13:03.738939 Turn: 73, Snakes Alive: [Rule-based agent], Food: 14, Hazards: 0
INFO 13:13:03.744598 Turn: 74, Snakes Alive: [Rule-based agent], Food: 14, Hazards: 0
INFO 13:13:03.750248 Turn: 75, Snakes Alive: [Rule-based agent], Food: 14, Hazards: 0
INFO 13:13:03.758723 Turn: 76, Snakes Alive: [Rule-based agent], Food: 15, Hazards: 0
INFO 13:13:03.764010 Turn: 77, Snakes Alive: [Rule-based agent], Food: 15, Hazards: 0
INFO 13:13:03.770323 Turn: 78, Snakes Alive: [Rule-based agent], Food: 15, Hazards: 0
INFO 13:13:03.775583 Turn: 79, Snakes Alive: [Rule-based agent], Food: 15, Hazards: 0
INFO 13:13:03.783914 Turn: 80, Snakes Alive: [Rule-based agent], Food: 15, Hazards: 0
INFO 13:13:03.790700 Turn: 81, Snakes Alive: [Rule-based agent], Food: 15, Hazards: 0
INFO 13:13:03.796105 Turn: 82, Snakes Alive: [Rule-based agent], Food: 15, Hazards: 0
INFO 13:13:03.801573 Turn: 83, Snakes Alive: [Rule-based agent], Food: 15, Hazards: 0
INFO 13:13:03.805251 Turn: 84, Snakes Alive: [Rule-based agent], Food: 14, Hazards: 0
INFO 13:13:03.815797 Turn: 85, Snakes Alive: [Rule-based agent], Food: 14, Hazards: 0
INFO 13:13:03.822697 Turn: 86, Snakes Alive: [Rule-based agent], Food: 14, Hazards: 0
INFO 13:13:03.831891 Turn: 87, Snakes Alive: [Rule-based agent], Food: 14, Hazards: 0
INFO 13:13:03.840687 Turn: 88, Snakes Alive: [Rule-based agent], Food: 14, Hazards: 0
INFO 13:13:03.848458 Turn: 89, Snakes Alive: [Rule-based agent], Food: 14, Hazards: 0
INFO 13:13:03.853130 Turn: 90, Snakes Alive: [Rule-based agent], Food: 14, Hazards: 0
INFO 13:13:03.857493 Turn: 91, Snakes Alive: [Rule-based agent], Food: 13, Hazards: 0
INFO 13:13:03.866460 Turn: 92, Snakes Alive: [Rule-based agent], Food: 12, Hazards: 0
INFO 13:13:03.869117 Turn: 93, Snakes Alive: [Rule-based agent], Food: 12, Hazards: 0
INFO 13:13:03.874884 Turn: 94, Snakes Alive: [Rule-based agent], Food: 12, Hazards: 0
INFO 13:13:03.882914 Turn: 95, Snakes Alive: [Rule-based agent], Food: 12, Hazards: 0
INFO 13:13:03.887075 Turn: 96, Snakes Alive: [Rule-based agent], Food: 12, Hazards: 0
INFO 13:13:03.891778 Turn: 97, Snakes Alive: [Rule-based agent], Food: 12, Hazards: 0
INFO 13:13:03.896502 Turn: 98, Snakes Alive: [Rule-based agent], Food: 11, Hazards: 0
INFO 13:13:03.900261 Turn: 99, Snakes Alive: [Rule-based agent], Food: 11, Hazards: 0
INFO 13:13:03.906722 Turn: 100, Snakes Alive: [Rule-based agent], Food: 11, Hazards: 0
INFO 13:13:03.913004 Turn: 101, Snakes Alive: [Rule-based agent], Food: 12, Hazards: 0
INFO 13:13:03.918666 Turn: 102, Snakes Alive: [Rule-based agent], Food: 12, Hazards: 0
INFO 13:13:03.927357 Turn: 103, Snakes Alive: [Rule-based agent], Food: 12, Hazards: 0
INFO 13:13:03.932075 Turn: 104, Snakes Alive: [Rule-based agent], Food: 12, Hazards: 0
INFO 13:13:03.936745 Turn: 105, Snakes Alive: [Rule-based agent], Food: 12, Hazards: 0
INFO 13:13:03.944603 Turn: 106, Snakes Alive: [Rule-based agent], Food: 12, Hazards: 0
INFO 13:13:03.949920 Turn: 107, Snakes Alive: [Rule-based agent], Food: 12, Hazards: 0
INFO 13:13:03.954243 Turn: 108, Snakes Alive: [Rule-based agent], Food: 12, Hazards: 0
INFO 13:13:03.961940 Turn: 109, Snakes Alive: [Rule-based agent], Food: 12, Hazards: 0
INFO 13:13:03.966891 Turn: 110, Snakes Alive: [Rule-based agent], Food: 12, Hazards: 0
INFO 13:13:03.975097 Turn: 111, Snakes Alive: [Rule-based agent], Food: 12, Hazards: 0
INFO 13:13:03.978791 Turn: 112, Snakes Alive: [Rule-based agent], Food: 12, Hazards: 0
INFO 13:13:03.988116 Turn: 113, Snakes Alive: [Rule-based agent], Food: 12, Hazards: 0
INFO 13:13:03.993841 Turn: 114, Snakes Alive: [Rule-based agent], Food: 12, Hazards: 0
INFO 13:13:03.998136 Turn: 115, Snakes Alive: [Rule-based agent], Food: 12, Hazards: 0
INFO 13:13:04.002341 Turn: 116, Snakes Alive: [Rule-based agent], Food: 12, Hazards: 0
INFO 13:13:04.010065 Turn: 117, Snakes Alive: [Rule-based agent], Food: 12, Hazards: 0
INFO 13:13:04.016599 Turn: 118, Snakes Alive: [Rule-based agent], Food: 11, Hazards: 0
INFO 13:13:04.020773 Turn: 119, Snakes Alive: [Rule-based agent], Food: 11, Hazards: 0
INFO 13:13:04.027588 Turn: 120, Snakes Alive: [Rule-based agent], Food: 11, Hazards: 0
INFO 13:13:04.035145 Turn: 121, Snakes Alive: [Rule-based agent], Food: 11, Hazards: 0
INFO 13:13:04.042253 Turn: 122, Snakes Alive: [Rule-based agent], Food: 11, Hazards: 0
INFO 13:13:04.048861 Turn: 123, Snakes Alive: [Rule-based agent], Food: 11, Hazards: 0
INFO 13:13:04.053786 Turn: 124, Snakes Alive: [Rule-based agent], Food: 10, Hazards: 0
INFO 13:13:04.061634 Turn: 125, Snakes Alive: [Rule-based agent], Food: 11, Hazards: 0
INFO 13:13:04.068336 Turn: 126, Snakes Alive: [Rule-based agent], Food: 10, Hazards: 0
INFO 13:13:04.078234 Turn: 127, Snakes Alive: [Rule-based agent], Food: 10, Hazards: 0
INFO 13:13:04.085093 Turn: 128, Snakes Alive: [Rule-based agent], Food: 10, Hazards: 0
INFO 13:13:04.090171 Turn: 129, Snakes Alive: [Rule-based agent], Food: 10, Hazards: 0
INFO 13:13:04.096397 Turn: 130, Snakes Alive: [Rule-based agent], Food: 10, Hazards: 0
INFO 13:13:04.102277 Turn: 131, Snakes Alive: [Rule-based agent], Food: 10, Hazards: 0
INFO 13:13:04.109395 Turn: 132, Snakes Alive: [Rule-based agent], Food: 10, Hazards: 0
INFO 13:13:04.117296 Turn: 133, Snakes Alive: [Rule-based agent], Food: 10, Hazards: 0
INFO 13:13:04.122582 Turn: 134, Snakes Alive: [Rule-based agent], Food: 10, Hazards: 0
INFO 13:13:04.126371 Turn: 135, Snakes Alive: [Rule-based agent], Food: 10, Hazards: 0
INFO 13:13:04.131758 Turn: 136, Snakes Alive: [Rule-based agent], Food: 10, Hazards: 0
INFO 13:13:04.139359 Turn: 137, Snakes Alive: [Rule-based agent], Food: 10, Hazards: 0
INFO 13:13:04.146095 Turn: 138, Snakes Alive: [Rule-based agent], Food: 9, Hazards: 0
INFO 13:13:04.149736 Turn: 139, Snakes Alive: [Rule-based agent], Food: 9, Hazards: 0
INFO 13:13:04.156393 Turn: 140, Snakes Alive: [Rule-based agent], Food: 9, Hazards: 0
INFO 13:13:04.163031 Turn: 141, Snakes Alive: [Rule-based agent], Food: 9, Hazards: 0
INFO 13:13:04.167640 Turn: 142, Snakes Alive: [Rule-based agent], Food: 9, Hazards: 0
INFO 13:13:04.172091 Turn: 143, Snakes Alive: [Rule-based agent], Food: 9, Hazards: 0
INFO 13:13:04.179890 Turn: 144, Snakes Alive: [Rule-based agent], Food: 10, Hazards: 0
INFO 13:13:04.184298 Turn: 145, Snakes Alive: [Rule-based agent], Food: 10, Hazards: 0
INFO 13:13:04.190015 Turn: 146, Snakes Alive: [Rule-based agent], Food: 10, Hazards: 0
INFO 13:13:04.196539 Turn: 147, Snakes Alive: [Rule-based agent], Food: 9, Hazards: 0
INFO 13:13:04.203546 Turn: 148, Snakes Alive: [Rule-based agent], Food: 9, Hazards: 0
INFO 13:13:04.211254 Turn: 149, Snakes Alive: [Rule-based agent], Food: 9, Hazards: 0
INFO 13:13:04.216998 Turn: 150, Snakes Alive: [Rule-based agent], Food: 8, Hazards: 0
INFO 13:13:04.221806 Turn: 151, Snakes Alive: [Rule-based agent], Food: 8, Hazards: 0
INFO 13:13:04.229242 Turn: 152, Snakes Alive: [Rule-based agent], Food: 7, Hazards: 0
INFO 13:13:04.235626 Turn: 153, Snakes Alive: [Rule-based agent], Food: 7, Hazards: 0
INFO 13:13:04.240790 Turn: 154, Snakes Alive: [Rule-based agent], Food: 6, Hazards: 0
INFO 13:13:04.247026 Turn: 155, Snakes Alive: [Rule-based agent], Food: 6, Hazards: 0
INFO 13:13:04.252343 Turn: 156, Snakes Alive: [Rule-based agent], Food: 6, Hazards: 0
INFO 13:13:04.257987 Turn: 157, Snakes Alive: [Rule-based agent], Food: 6, Hazards: 0
INFO 13:13:04.264227 Turn: 158, Snakes Alive: [Rule-based agent], Food: 6, Hazards: 0
INFO 13:13:04.270962 Turn: 159, Snakes Alive: [Rule-based agent], Food: 6, Hazards: 0
INFO 13:13:04.276674 Turn: 160, Snakes Alive: [Rule-based agent], Food: 6, Hazards: 0
INFO 13:13:04.283135 Turn: 161, Snakes Alive: [Rule-based agent], Food: 6, Hazards: 0
INFO 13:13:04.288730 Turn: 162, Snakes Alive: [Rule-based agent], Food: 6, Hazards: 0
INFO 13:13:04.296374 Turn: 163, Snakes Alive: [Rule-based agent], Food: 6, Hazards: 0
INFO 13:13:04.300591 Turn: 164, Snakes Alive: [Rule-based agent], Food: 6, Hazards: 0
INFO 13:13:04.305880 Turn: 165, Snakes Alive: [Rule-based agent], Food: 6, Hazards: 0
INFO 13:13:04.313989 Turn: 166, Snakes Alive: [Rule-based agent], Food: 6, Hazards: 0
INFO 13:13:04.319724 Turn: 167, Snakes Alive: [Rule-based agent], Food: 6, Hazards: 0
INFO 13:13:04.325021 Turn: 168, Snakes Alive: [Rule-based agent], Food: 6, Hazards: 0
INFO 13:13:04.332122 Turn: 169, Snakes Alive: [Rule-based agent], Food: 6, Hazards: 0
INFO 13:13:04.337395 Turn: 170, Snakes Alive: [Rule-based agent], Food: 6, Hazards: 0
INFO 13:13:04.345347 Turn: 171, Snakes Alive: [Rule-based agent], Food: 6, Hazards: 0
INFO 13:13:04.350098 Turn: 172, Snakes Alive: [Rule-based agent], Food: 6, Hazards: 0
INFO 13:13:04.359327 Turn: 173, Snakes Alive: [Rule-based agent], Food: 6, Hazards: 0
INFO 13:13:04.367663 Turn: 174, Snakes Alive: [Rule-based agent], Food: 6, Hazards: 0
INFO 13:13:04.376084 Turn: 175, Snakes Alive: [Rule-based agent], Food: 6, Hazards: 0
INFO 13:13:04.383582 Turn: 176, Snakes Alive: [Rule-based agent], Food: 7, Hazards: 0
INFO 13:13:04.387191 Turn: 177, Snakes Alive: [Rule-based agent], Food: 7, Hazards: 0
INFO 13:13:04.394787 Turn: 178, Snakes Alive: [Rule-based agent], Food: 7, Hazards: 0
INFO 13:13:04.402259 Turn: 179, Snakes Alive: [Rule-based agent], Food: 7, Hazards: 0
INFO 13:13:04.409130 Turn: 180, Snakes Alive: [Rule-based agent], Food: 8, Hazards: 0
INFO 13:13:04.414092 Turn: 181, Snakes Alive: [Rule-based agent], Food: 8, Hazards: 0
INFO 13:13:04.417607 Turn: 182, Snakes Alive: [Rule-based agent], Food: 8, Hazards: 0
INFO 13:13:04.425374 Turn: 183, Snakes Alive: [Rule-based agent], Food: 9, Hazards: 0
INFO 13:13:04.431699 Turn: 184, Snakes Alive: [Rule-based agent], Food: 8, Hazards: 0
INFO 13:13:04.437253 Turn: 185, Snakes Alive: [Rule-based agent], Food: 8, Hazards: 0
INFO 13:13:04.443956 Turn: 186, Snakes Alive: [Rule-based agent], Food: 8, Hazards: 0
INFO 13:13:04.449849 Turn: 187, Snakes Alive: [Rule-based agent], Food: 8, Hazards: 0
INFO 13:13:04.454512 Turn: 188, Snakes Alive: [Rule-based agent], Food: 8, Hazards: 0
INFO 13:13:04.462486 Turn: 189, Snakes Alive: [Rule-based agent], Food: 8, Hazards: 0
INFO 13:13:04.466295 Turn: 190, Snakes Alive: [Rule-based agent], Food: 8, Hazards: 0
INFO 13:13:04.470171 Turn: 191, Snakes Alive: [Rule-based agent], Food: 8, Hazards: 0
INFO 13:13:04.474372 Turn: 192, Snakes Alive: [Rule-based agent], Food: 8, Hazards: 0
INFO 13:13:04.479692 Turn: 193, Snakes Alive: [Rule-based agent], Food: 8, Hazards: 0
INFO 13:13:04.483390 Turn: 194, Snakes Alive: [Rule-based agent], Food: 8, Hazards: 0
INFO 13:13:04.488621 Turn: 195, Snakes Alive: [Rule-based agent], Food: 8, Hazards: 0
INFO 13:13:04.493386 Turn: 196, Snakes Alive: [Rule-based agent], Food: 8, Hazards: 0
INFO 13:13:04.497578 Turn: 197, Snakes Alive: [Rule-based agent], Food: 8, Hazards: 0
INFO 13:13:04.501375 Turn: 198, Snakes Alive: [Rule-based agent], Food: 8, Hazards: 0
INFO 13:13:04.505998 Turn: 199, Snakes Alive: [Rule-based agent], Food: 8, Hazards: 0
INFO 13:13:04.511599 Turn: 200, Snakes Alive: [Rule-based agent], Food: 8, Hazards: 0
INFO 13:13:04.517314 Turn: 201, Snakes Alive: [Rule-based agent], Food: 8, Hazards: 0
INFO 13:13:04.523953 Turn: 202, Snakes Alive: [Rule-based agent], Food: 8, Hazards: 0
INFO 13:13:04.529430 Turn: 203, Snakes Alive: [Rule-based agent], Food: 8, Hazards: 0
INFO 13:13:04.534722 Turn: 204, Snakes Alive: [Rule-based agent], Food: 8, Hazards: 0
INFO 13:13:04.539394 Turn: 205, Snakes Alive: [Rule-based agent], Food: 8, Hazards: 0
INFO 13:13:04.545802 Turn: 206, Snakes Alive: [Rule-based agent], Food: 7, Hazards: 0
INFO 13:13:04.550915 Turn: 207, Snakes Alive: [Rule-based agent], Food: 8, Hazards: 0
INFO 13:13:04.556040 Turn: 208, Snakes Alive: [Rule-based agent], Food: 8, Hazards: 0
INFO 13:13:04.561175 Turn: 209, Snakes Alive: [Rule-based agent], Food: 9, Hazards: 0
INFO 13:13:04.564393 Turn: 210, Snakes Alive: [Rule-based agent], Food: 10, Hazards: 0
INFO 13:13:04.569217 Turn: 211, Snakes Alive: [Rule-based agent], Food: 9, Hazards: 0
INFO 13:13:04.574019 Turn: 212, Snakes Alive: [Rule-based agent], Food: 9, Hazards: 0
INFO 13:13:04.579185 Turn: 213, Snakes Alive: [Rule-based agent], Food: 10, Hazards: 0
INFO 13:13:04.582225 Turn: 214, Snakes Alive: [Rule-based agent], Food: 10, Hazards: 0
INFO 13:13:04.587762 Turn: 215, Snakes Alive: [Rule-based agent], Food: 10, Hazards: 0
INFO 13:13:04.593363 Turn: 216, Snakes Alive: [Rule-based agent], Food: 10, Hazards: 0
INFO 13:13:04.598151 Turn: 217, Snakes Alive: [Rule-based agent], Food: 11, Hazards: 0
INFO 13:13:04.602669 Turn: 218, Snakes Alive: [Rule-based agent], Food: 11, Hazards: 0
INFO 13:13:04.606423 Turn: 219, Snakes Alive: [Rule-based agent], Food: 11, Hazards: 0
INFO 13:13:04.613225 Turn: 220, Snakes Alive: [Rule-based agent], Food: 11, Hazards: 0
INFO 13:13:04.617470 Turn: 221, Snakes Alive: [Rule-based agent], Food: 11, Hazards: 0
INFO 13:13:04.622560 Turn: 222, Snakes Alive: [Rule-based agent], Food: 11, Hazards: 0
INFO 13:13:04.628069 Turn: 223, Snakes Alive: [Rule-based agent], Food: 11, Hazards: 0
INFO 13:13:04.633330 Turn: 224, Snakes Alive: [Rule-based agent], Food: 10, Hazards: 0
INFO 13:13:04.638060 Turn: 225, Snakes Alive: [Rule-based agent], Food: 10, Hazards: 0
INFO 13:13:04.642810 Turn: 226, Snakes Alive: [Rule-based agent], Food: 10, Hazards: 0
INFO 13:13:04.648819 Turn: 227, Snakes Alive: [Rule-based agent], Food: 10, Hazards: 0
INFO 13:13:04.653818 Turn: 228, Snakes Alive: [Rule-based agent], Food: 9, Hazards: 0
INFO 13:13:04.659387 Turn: 229, Snakes Alive: [Rule-based agent], Food: 9, Hazards: 0
INFO 13:13:04.664152 Turn: 230, Snakes Alive: [Rule-based agent], Food: 8, Hazards: 0
INFO 13:13:04.667267 Turn: 231, Snakes Alive: [Rule-based agent], Food: 8, Hazards: 0
INFO 13:13:04.672005 Turn: 232, Snakes Alive: [Rule-based agent], Food: 8, Hazards: 0
INFO 13:13:04.677938 Turn: 233, Snakes Alive: [Rule-based agent], Food: 7, Hazards: 0
INFO 13:13:04.683041 Turn: 234, Snakes Alive: [Rule-based agent], Food: 7, Hazards: 0
INFO 13:13:04.686654 Turn: 235, Snakes Alive: [Rule-based agent], Food: 7, Hazards: 0
INFO 13:13:04.691791 Turn: 236, Snakes Alive: [Rule-based agent], Food: 7, Hazards: 0
INFO 13:13:04.696582 Turn: 237, Snakes Alive: [], Food: 7, Hazards: 0
INFO 13:13:04.700186 Game completed after 238 turns.
INFO 13:13:04.809506 Snake ID: 61192186-0759-4821-9d4d-c378dbe5f802 URL: http://127.0.0.1:55822, Name: "Rule-based agent"
INFO 13:13:04.854279 Ruleset: solo, Seed: 106
INFO 13:13:04.854279 Turn: 0, Snakes Alive: [Rule-based agent], Food: 2, Hazards: 0
INFO 13:13:04.879148 Turn: 1, Snakes Alive: [Rule-based agent], Food: 3, Hazards: 0
INFO 13:13:04.884143 Turn: 2, Snakes Alive: [Rule-based agent], Food: 3, Hazards: 0
INFO 13:13:04.889066 Turn: 3, Snakes Alive: [Rule-based agent], Food: 4, Hazards: 0
INFO 13:13:04.894081 Turn: 4, Snakes Alive: [Rule-based agent], Food: 4, Hazards: 0
INFO 13:13:04.898954 Turn: 5, Snakes Alive: [Rule-based agent], Food: 4, Hazards: 0
INFO 13:13:04.902969 Turn: 6, Snakes Alive: [Rule-based agent], Food: 3, Hazards: 0
INFO 13:13:04.909180 Turn: 7, Snakes Alive: [Rule-based agent], Food: 4, Hazards: 0
INFO 13:13:04.913815 Turn: 8, Snakes Alive: [Rule-based agent], Food: 5, Hazards: 0
INFO 13:13:04.918418 Turn: 9, Snakes Alive: [Rule-based agent], Food: 5, Hazards: 0
INFO 13:13:04.921872 Turn: 10, Snakes Alive: [Rule-based agent], Food: 5, Hazards: 0
INFO 13:13:04.926489 Turn: 11, Snakes Alive: [Rule-based agent], Food: 6, Hazards: 0
INFO 13:13:04.930157 Turn: 12, Snakes Alive: [Rule-based agent], Food: 6, Hazards: 0
INFO 13:13:04.935475 Turn: 13, Snakes Alive: [Rule-based agent], Food: 6, Hazards: 0
INFO 13:13:04.941633 Turn: 14, Snakes Alive: [Rule-based agent], Food: 6, Hazards: 0
INFO 13:13:04.946766 Turn: 15, Snakes Alive: [Rule-based agent], Food: 6, Hazards: 0
INFO 13:13:04.950681 Turn: 16, Snakes Alive: [Rule-based agent], Food: 6, Hazards: 0
INFO 13:13:04.956896 Turn: 17, Snakes Alive: [Rule-based agent], Food: 7, Hazards: 0
INFO 13:13:04.964969 Turn: 18, Snakes Alive: [Rule-based agent], Food: 7, Hazards: 0
INFO 13:13:04.969882 Turn: 19, Snakes Alive: [Rule-based agent], Food: 8, Hazards: 0
INFO 13:13:04.975975 Turn: 20, Snakes Alive: [Rule-based agent], Food: 9, Hazards: 0
INFO 13:13:04.979593 Turn: 21, Snakes Alive: [Rule-based agent], Food: 10, Hazards: 0
INFO 13:13:04.985801 Turn: 22, Snakes Alive: [Rule-based agent], Food: 10, Hazards: 0
INFO 13:13:04.991762 Turn: 23, Snakes Alive: [Rule-based agent], Food: 10, Hazards: 0
INFO 13:13:04.996541 Turn: 24, Snakes Alive: [Rule-based agent], Food: 11, Hazards: 0
INFO 13:13:05.000793 Turn: 25, Snakes Alive: [Rule-based agent], Food: 12, Hazards: 0
INFO 13:13:05.003419 Turn: 26, Snakes Alive: [Rule-based agent], Food: 12, Hazards: 0
INFO 13:13:05.008360 Turn: 27, Snakes Alive: [Rule-based agent], Food: 12, Hazards: 0
INFO 13:13:05.012820 Turn: 28, Snakes Alive: [Rule-based agent], Food: 12, Hazards: 0
INFO 13:13:05.015525 Turn: 29, Snakes Alive: [Rule-based agent], Food: 12, Hazards: 0
INFO 13:13:05.020020 Turn: 30, Snakes Alive: [Rule-based agent], Food: 12, Hazards: 0
INFO 13:13:05.024353 Turn: 31, Snakes Alive: [Rule-based agent], Food: 12, Hazards: 0
INFO 13:13:05.027452 Turn: 32, Snakes Alive: [Rule-based agent], Food: 12, Hazards: 0
INFO 13:13:05.031421 Turn: 33, Snakes Alive: [Rule-based agent], Food: 12, Hazards: 0
INFO 13:13:05.035810 Turn: 34, Snakes Alive: [Rule-based agent], Food: 12, Hazards: 0
INFO 13:13:05.040927 Turn: 35, Snakes Alive: [Rule-based agent], Food: 12, Hazards: 0
INFO 13:13:05.045739 Turn: 36, Snakes Alive: [Rule-based agent], Food: 12, Hazards: 0
INFO 13:13:05.050845 Turn: 37, Snakes Alive: [Rule-based agent], Food: 12, Hazards: 0
INFO 13:13:05.058026 Turn: 38, Snakes Alive: [Rule-based agent], Food: 12, Hazards: 0
INFO 13:13:05.063448 Turn: 39, Snakes Alive: [Rule-based agent], Food: 12, Hazards: 0
INFO 13:13:05.067459 Turn: 40, Snakes Alive: [Rule-based agent], Food: 12, Hazards: 0
INFO 13:13:05.071682 Turn: 41, Snakes Alive: [Rule-based agent], Food: 12, Hazards: 0
INFO 13:13:05.076617 Turn: 42, Snakes Alive: [Rule-based agent], Food: 12, Hazards: 0
INFO 13:13:05.081958 Turn: 43, Snakes Alive: [Rule-based agent], Food: 12, Hazards: 0
INFO 13:13:05.086554 Turn: 44, Snakes Alive: [Rule-based agent], Food: 13, Hazards: 0
INFO 13:13:05.091364 Turn: 45, Snakes Alive: [Rule-based agent], Food: 13, Hazards: 0
INFO 13:13:05.096538 Turn: 46, Snakes Alive: [Rule-based agent], Food: 13, Hazards: 0
INFO 13:13:05.100583 Turn: 47, Snakes Alive: [Rule-based agent], Food: 13, Hazards: 0
INFO 13:13:05.104242 Turn: 48, Snakes Alive: [Rule-based agent], Food: 14, Hazards: 0
INFO 13:13:05.107661 Turn: 49, Snakes Alive: [Rule-based agent], Food: 14, Hazards: 0
INFO 13:13:05.110748 Turn: 50, Snakes Alive: [Rule-based agent], Food: 15, Hazards: 0
INFO 13:13:05.113917 Turn: 51, Snakes Alive: [Rule-based agent], Food: 15, Hazards: 0
INFO 13:13:05.118140 Turn: 52, Snakes Alive: [Rule-based agent], Food: 15, Hazards: 0
INFO 13:13:05.124558 Turn: 53, Snakes Alive: [Rule-based agent], Food: 15, Hazards: 0
INFO 13:13:05.130823 Turn: 54, Snakes Alive: [Rule-based agent], Food: 15, Hazards: 0
INFO 13:13:05.135336 Turn: 55, Snakes Alive: [Rule-based agent], Food: 15, Hazards: 0
INFO 13:13:05.140490 Turn: 56, Snakes Alive: [Rule-based agent], Food: 15, Hazards: 0
INFO 13:13:05.147180 Turn: 57, Snakes Alive: [Rule-based agent], Food: 15, Hazards: 0
INFO 13:13:05.166366 Turn: 58, Snakes Alive: [Rule-based agent], Food: 15, Hazards: 0
INFO 13:13:05.173846 Turn: 59, Snakes Alive: [Rule-based agent], Food: 15, Hazards: 0
INFO 13:13:05.180991 Turn: 60, Snakes Alive: [Rule-based agent], Food: 15, Hazards: 0
INFO 13:13:05.186513 Turn: 61, Snakes Alive: [Rule-based agent], Food: 15, Hazards: 0
INFO 13:13:05.191278 Turn: 62, Snakes Alive: [Rule-based agent], Food: 15, Hazards: 0
INFO 13:13:05.196544 Turn: 63, Snakes Alive: [Rule-based agent], Food: 15, Hazards: 0
INFO 13:13:05.202598 Turn: 64, Snakes Alive: [Rule-based agent], Food: 15, Hazards: 0
INFO 13:13:05.208560 Turn: 65, Snakes Alive: [Rule-based agent], Food: 15, Hazards: 0
INFO 13:13:05.212225 Turn: 66, Snakes Alive: [Rule-based agent], Food: 14, Hazards: 0
INFO 13:13:05.216320 Turn: 67, Snakes Alive: [Rule-based agent], Food: 15, Hazards: 0
INFO 13:13:05.222070 Turn: 68, Snakes Alive: [Rule-based agent], Food: 15, Hazards: 0
INFO 13:13:05.229595 Turn: 69, Snakes Alive: [Rule-based agent], Food: 15, Hazards: 0
INFO 13:13:05.233093 Turn: 70, Snakes Alive: [Rule-based agent], Food: 15, Hazards: 0
INFO 13:13:05.237509 Turn: 71, Snakes Alive: [Rule-based agent], Food: 16, Hazards: 0
INFO 13:13:05.242574 Turn: 72, Snakes Alive: [Rule-based agent], Food: 17, Hazards: 0
INFO 13:13:05.247411 Turn: 73, Snakes Alive: [Rule-based agent], Food: 17, Hazards: 0
INFO 13:13:05.250132 Turn: 74, Snakes Alive: [Rule-based agent], Food: 17, Hazards: 0
INFO 13:13:05.257595 Turn: 75, Snakes Alive: [Rule-based agent], Food: 18, Hazards: 0
INFO 13:13:05.263648 Turn: 76, Snakes Alive: [Rule-based agent], Food: 18, Hazards: 0
INFO 13:13:05.268303 Turn: 77, Snakes Alive: [Rule-based agent], Food: 18, Hazards: 0
INFO 13:13:05.271935 Turn: 78, Snakes Alive: [Rule-based agent], Food: 18, Hazards: 0
INFO 13:13:05.277584 Turn: 79, Snakes Alive: [Rule-based agent], Food: 18, Hazards: 0
INFO 13:13:05.282283 Turn: 80, Snakes Alive: [Rule-based agent], Food: 17, Hazards: 0
INFO 13:13:05.287939 Turn: 81, Snakes Alive: [Rule-based agent], Food: 17, Hazards: 0
INFO 13:13:05.294221 Turn: 82, Snakes Alive: [Rule-based agent], Food: 17, Hazards: 0
INFO 13:13:05.299384 Turn: 83, Snakes Alive: [Rule-based agent], Food: 17, Hazards: 0
INFO 13:13:05.303688 Turn: 84, Snakes Alive: [Rule-based agent], Food: 16, Hazards: 0
INFO 13:13:05.310686 Turn: 85, Snakes Alive: [Rule-based agent], Food: 16, Hazards: 0
INFO 13:13:05.313835 Turn: 86, Snakes Alive: [Rule-based agent], Food: 15, Hazards: 0
INFO 13:13:05.316973 Turn: 87, Snakes Alive: [Rule-based agent], Food: 15, Hazards: 0
INFO 13:13:05.325093 Turn: 88, Snakes Alive: [Rule-based agent], Food: 15, Hazards: 0
INFO 13:13:05.329779 Turn: 89, Snakes Alive: [Rule-based agent], Food: 15, Hazards: 0
INFO 13:13:05.333749 Turn: 90, Snakes Alive: [Rule-based agent], Food: 14, Hazards: 0
INFO 13:13:05.335805 Turn: 91, Snakes Alive: [], Food: 14, Hazards: 0
INFO 13:13:05.340337 Game completed after 92 turns.
INFO 13:13:05.451224 Snake ID: 441ee17c-95c5-49d0-b44d-98378ccda961 URL: http://127.0.0.1:55822, Name: "Rule-based agent"
INFO 13:13:05.484635 Ruleset: solo, Seed: 107
INFO 13:13:05.485351 Turn: 0, Snakes Alive: [Rule-based agent], Food: 2, Hazards: 0
INFO 13:13:05.498630 Turn: 1, Snakes Alive: [Rule-based agent], Food: 2, Hazards: 0
INFO 13:13:05.502294 Turn: 2, Snakes Alive: [Rule-based agent], Food: 2, Hazards: 0
INFO 13:13:05.505358 Turn: 3, Snakes Alive: [Rule-based agent], Food: 2, Hazards: 0
INFO 13:13:05.512005 Turn: 4, Snakes Alive: [Rule-based agent], Food: 2, Hazards: 0
INFO 13:13:05.515957 Turn: 5, Snakes Alive: [Rule-based agent], Food: 2, Hazards: 0
INFO 13:13:05.520307 Turn: 6, Snakes Alive: [Rule-based agent], Food: 3, Hazards: 0
INFO 13:13:05.524404 Turn: 7, Snakes Alive: [Rule-based agent], Food: 4, Hazards: 0
INFO 13:13:05.527638 Turn: 8, Snakes Alive: [Rule-based agent], Food: 4, Hazards: 0
INFO 13:13:05.530764 Turn: 9, Snakes Alive: [Rule-based agent], Food: 4, Hazards: 0
INFO 13:13:05.534030 Turn: 10, Snakes Alive: [Rule-based agent], Food: 4, Hazards: 0
INFO 13:13:05.538734 Turn: 11, Snakes Alive: [Rule-based agent], Food: 4, Hazards: 0
INFO 13:13:05.545327 Turn: 12, Snakes Alive: [Rule-based agent], Food: 4, Hazards: 0
INFO 13:13:05.549428 Turn: 13, Snakes Alive: [Rule-based agent], Food: 4, Hazards: 0
INFO 13:13:05.554211 Turn: 14, Snakes Alive: [Rule-based agent], Food: 4, Hazards: 0
INFO 13:13:05.558816 Turn: 15, Snakes Alive: [Rule-based agent], Food: 4, Hazards: 0
INFO 13:13:05.563472 Turn: 16, Snakes Alive: [Rule-based agent], Food: 5, Hazards: 0
INFO 13:13:05.565527 Turn: 17, Snakes Alive: [Rule-based agent], Food: 5, Hazards: 0
INFO 13:13:05.569357 Turn: 18, Snakes Alive: [Rule-based agent], Food: 6, Hazards: 0
INFO 13:13:05.576219 Turn: 19, Snakes Alive: [Rule-based agent], Food: 7, Hazards: 0
INFO 13:13:05.580667 Turn: 20, Snakes Alive: [Rule-based agent], Food: 8, Hazards: 0
INFO 13:13:05.584167 Turn: 21, Snakes Alive: [Rule-based agent], Food: 8, Hazards: 0
INFO 13:13:05.587874 Turn: 22, Snakes Alive: [Rule-based agent], Food: 8, Hazards: 0
INFO 13:13:05.591462 Turn: 23, Snakes Alive: [Rule-based agent], Food: 9, Hazards: 0
INFO 13:13:05.594913 Turn: 24, Snakes Alive: [Rule-based agent], Food: 10, Hazards: 0
INFO 13:13:05.597477 Turn: 25, Snakes Alive: [Rule-based agent], Food: 10, Hazards: 0
INFO 13:13:05.601506 Turn: 26, Snakes Alive: [Rule-based agent], Food: 11, Hazards: 0
INFO 13:13:05.607670 Turn: 27, Snakes Alive: [Rule-based agent], Food: 11, Hazards: 0
INFO 13:13:05.612393 Turn: 28, Snakes Alive: [Rule-based agent], Food: 11, Hazards: 0
INFO 13:13:05.615845 Turn: 29, Snakes Alive: [Rule-based agent], Food: 11, Hazards: 0
INFO 13:13:05.620423 Turn: 30, Snakes Alive: [Rule-based agent], Food: 11, Hazards: 0
INFO 13:13:05.624856 Turn: 31, Snakes Alive: [Rule-based agent], Food: 11, Hazards: 0
INFO 13:13:05.629504 Turn: 32, Snakes Alive: [Rule-based agent], Food: 11, Hazards: 0
INFO 13:13:05.632848 Turn: 33, Snakes Alive: [Rule-based agent], Food: 11, Hazards: 0
INFO 13:13:05.636441 Turn: 34, Snakes Alive: [Rule-based agent], Food: 10, Hazards: 0
INFO 13:13:05.641336 Turn: 35, Snakes Alive: [Rule-based agent], Food: 10, Hazards: 0
INFO 13:13:05.645737 Turn: 36, Snakes Alive: [Rule-based agent], Food: 10, Hazards: 0
INFO 13:13:05.650077 Turn: 37, Snakes Alive: [Rule-based agent], Food: 10, Hazards: 0
INFO 13:13:05.654251 Turn: 38, Snakes Alive: [Rule-based agent], Food: 10, Hazards: 0
INFO 13:13:05.656538 Turn: 39, Snakes Alive: [Rule-based agent], Food: 10, Hazards: 0
INFO 13:13:05.661379 Turn: 40, Snakes Alive: [Rule-based agent], Food: 10, Hazards: 0
INFO 13:13:05.665460 Turn: 41, Snakes Alive: [Rule-based agent], Food: 10, Hazards: 0
INFO 13:13:05.671890 Turn: 42, Snakes Alive: [Rule-based agent], Food: 10, Hazards: 0
INFO 13:13:05.677153 Turn: 43, Snakes Alive: [Rule-based agent], Food: 11, Hazards: 0
INFO 13:13:05.682480 Turn: 44, Snakes Alive: [Rule-based agent], Food: 11, Hazards: 0
INFO 13:13:05.687954 Turn: 45, Snakes Alive: [Rule-based agent], Food: 11, Hazards: 0
INFO 13:13:05.692529 Turn: 46, Snakes Alive: [Rule-based agent], Food: 11, Hazards: 0
INFO 13:13:05.697577 Turn: 47, Snakes Alive: [Rule-based agent], Food: 12, Hazards: 0
INFO 13:13:05.703073 Turn: 48, Snakes Alive: [Rule-based agent], Food: 12, Hazards: 0
INFO 13:13:05.707197 Turn: 49, Snakes Alive: [Rule-based agent], Food: 13, Hazards: 0
INFO 13:13:05.715405 Turn: 50, Snakes Alive: [Rule-based agent], Food: 13, Hazards: 0
INFO 13:13:05.724898 Turn: 51, Snakes Alive: [Rule-based agent], Food: 14, Hazards: 0
INFO 13:13:05.731336 Turn: 52, Snakes Alive: [Rule-based agent], Food: 14, Hazards: 0
INFO 13:13:05.736481 Turn: 53, Snakes Alive: [Rule-based agent], Food: 14, Hazards: 0
INFO 13:13:05.741712 Turn: 54, Snakes Alive: [Rule-based agent], Food: 14, Hazards: 0
INFO 13:13:05.746720 Turn: 55, Snakes Alive: [Rule-based agent], Food: 14, Hazards: 0
INFO 13:13:05.751209 Turn: 56, Snakes Alive: [Rule-based agent], Food: 13, Hazards: 0
INFO 13:13:05.756152 Turn: 57, Snakes Alive: [Rule-based agent], Food: 12, Hazards: 0
INFO 13:13:05.761659 Turn: 58, Snakes Alive: [Rule-based agent], Food: 12, Hazards: 0
INFO 13:13:05.766540 Turn: 59, Snakes Alive: [Rule-based agent], Food: 11, Hazards: 0
INFO 13:13:05.770376 Turn: 60, Snakes Alive: [Rule-based agent], Food: 11, Hazards: 0
INFO 13:13:05.775679 Turn: 61, Snakes Alive: [Rule-based agent], Food: 11, Hazards: 0
INFO 13:13:05.782919 Turn: 62, Snakes Alive: [Rule-based agent], Food: 11, Hazards: 0
INFO 13:13:05.788610 Turn: 63, Snakes Alive: [Rule-based agent], Food: 11, Hazards: 0
INFO 13:13:05.796192 Turn: 64, Snakes Alive: [Rule-based agent], Food: 11, Hazards: 0
INFO 13:13:05.800123 Turn: 65, Snakes Alive: [Rule-based agent], Food: 11, Hazards: 0
INFO 13:13:05.804800 Turn: 66, Snakes Alive: [Rule-based agent], Food: 12, Hazards: 0
INFO 13:13:05.809955 Turn: 67, Snakes Alive: [Rule-based agent], Food: 12, Hazards: 0
INFO 13:13:05.814820 Turn: 68, Snakes Alive: [Rule-based agent], Food: 12, Hazards: 0
INFO 13:13:05.820017 Turn: 69, Snakes Alive: [Rule-based agent], Food: 12, Hazards: 0
INFO 13:13:05.825841 Turn: 70, Snakes Alive: [Rule-based agent], Food: 13, Hazards: 0
INFO 13:13:05.830957 Turn: 71, Snakes Alive: [Rule-based agent], Food: 14, Hazards: 0
INFO 13:13:05.834633 Turn: 72, Snakes Alive: [Rule-based agent], Food: 14, Hazards: 0
INFO 13:13:05.839118 Turn: 73, Snakes Alive: [Rule-based agent], Food: 14, Hazards: 0
INFO 13:13:05.845776 Turn: 74, Snakes Alive: [Rule-based agent], Food: 15, Hazards: 0
INFO 13:13:05.851035 Turn: 75, Snakes Alive: [Rule-based agent], Food: 14, Hazards: 0
INFO 13:13:05.857145 Turn: 76, Snakes Alive: [Rule-based agent], Food: 14, Hazards: 0
INFO 13:13:05.862511 Turn: 77, Snakes Alive: [Rule-based agent], Food: 13, Hazards: 0
INFO 13:13:05.865675 Turn: 78, Snakes Alive: [Rule-based agent], Food: 13, Hazards: 0
INFO 13:13:05.872477 Turn: 79, Snakes Alive: [Rule-based agent], Food: 12, Hazards: 0
INFO 13:13:05.878065 Turn: 80, Snakes Alive: [Rule-based agent], Food: 12, Hazards: 0
INFO 13:13:05.882005 Turn: 81, Snakes Alive: [Rule-based agent], Food: 12, Hazards: 0
INFO 13:13:05.886349 Turn: 82, Snakes Alive: [Rule-based agent], Food: 12, Hazards: 0
INFO 13:13:05.891657 Turn: 83, Snakes Alive: [Rule-based agent], Food: 12, Hazards: 0
INFO 13:13:05.897394 Turn: 84, Snakes Alive: [Rule-based agent], Food: 12, Hazards: 0
INFO 13:13:05.901036 Turn: 85, Snakes Alive: [Rule-based agent], Food: 12, Hazards: 0
INFO 13:13:05.907615 Turn: 86, Snakes Alive: [Rule-based agent], Food: 12, Hazards: 0
INFO 13:13:05.912123 Turn: 87, Snakes Alive: [Rule-based agent], Food: 12, Hazards: 0
INFO 13:13:05.914784 Turn: 88, Snakes Alive: [Rule-based agent], Food: 12, Hazards: 0
INFO 13:13:05.921796 Turn: 89, Snakes Alive: [Rule-based agent], Food: 12, Hazards: 0
INFO 13:13:05.928564 Turn: 90, Snakes Alive: [Rule-based agent], Food: 12, Hazards: 0
INFO 13:13:05.932177 Turn: 91, Snakes Alive: [], Food: 12, Hazards: 0
INFO 13:13:05.934823 Game completed after 92 turns.
INFO 13:13:06.049770 Snake ID: cb10d4a3-c0a5-4384-babe-c3d19af87a95 URL: http://127.0.0.1:55822, Name: "Rule-based agent"
INFO 13:13:06.084024 Ruleset: solo, Seed: 108
INFO 13:13:06.084024 Turn: 0, Snakes Alive: [Rule-based agent], Food: 2, Hazards: 0
INFO 13:13:06.104509 Turn: 1, Snakes Alive: [Rule-based agent], Food: 3, Hazards: 0
INFO 13:13:06.111647 Turn: 2, Snakes Alive: [Rule-based agent], Food: 3, Hazards: 0
INFO 13:13:06.116278 Turn: 3, Snakes Alive: [Rule-based agent], Food: 3, Hazards: 0
INFO 13:13:06.120912 Turn: 4, Snakes Alive: [Rule-based agent], Food: 3, Hazards: 0
INFO 13:13:06.125595 Turn: 5, Snakes Alive: [Rule-based agent], Food: 4, Hazards: 0
INFO 13:13:06.130813 Turn: 6, Snakes Alive: [Rule-based agent], Food: 5, Hazards: 0
INFO 13:13:06.134177 Turn: 7, Snakes Alive: [Rule-based agent], Food: 5, Hazards: 0
INFO 13:13:06.140374 Turn: 8, Snakes Alive: [Rule-based agent], Food: 5, Hazards: 0
INFO 13:13:06.146156 Turn: 9, Snakes Alive: [Rule-based agent], Food: 6, Hazards: 0
INFO 13:13:06.150239 Turn: 10, Snakes Alive: [Rule-based agent], Food: 6, Hazards: 0
INFO 13:13:06.155017 Turn: 11, Snakes Alive: [Rule-based agent], Food: 6, Hazards: 0
INFO 13:13:06.161005 Turn: 12, Snakes Alive: [Rule-based agent], Food: 6, Hazards: 0
INFO 13:13:06.164188 Turn: 13, Snakes Alive: [Rule-based agent], Food: 6, Hazards: 0
INFO 13:13:06.171710 Turn: 14, Snakes Alive: [Rule-based agent], Food: 6, Hazards: 0
INFO 13:13:06.177526 Turn: 15, Snakes Alive: [Rule-based agent], Food: 7, Hazards: 0
INFO 13:13:06.181818 Turn: 16, Snakes Alive: [Rule-based agent], Food: 7, Hazards: 0
INFO 13:13:06.185881 Turn: 17, Snakes Alive: [Rule-based agent], Food: 8, Hazards: 0
INFO 13:13:06.189534 Turn: 18, Snakes Alive: [Rule-based agent], Food: 9, Hazards: 0
INFO 13:13:06.195142 Turn: 19, Snakes Alive: [Rule-based agent], Food: 10, Hazards: 0
INFO 13:13:06.198575 Turn: 20, Snakes Alive: [Rule-based agent], Food: 10, Hazards: 0
INFO 13:13:06.201690 Turn: 21, Snakes Alive: [Rule-based agent], Food: 10, Hazards: 0
INFO 13:13:06.206477 Turn: 22, Snakes Alive: [Rule-based agent], Food: 10, Hazards: 0
INFO 13:13:06.211702 Turn: 23, Snakes Alive: [Rule-based agent], Food: 11, Hazards: 0
INFO 13:13:06.215842 Turn: 24, Snakes Alive: [Rule-based agent], Food: 10, Hazards: 0
INFO 13:13:06.220371 Turn: 25, Snakes Alive: [Rule-based agent], Food: 11, Hazards: 0
INFO 13:13:06.223898 Turn: 26, Snakes Alive: [Rule-based agent], Food: 11, Hazards: 0
INFO 13:13:06.228658 Turn: 27, Snakes Alive: [Rule-based agent], Food: 11, Hazards: 0
INFO 13:13:06.233322 Turn: 28, Snakes Alive: [Rule-based agent], Food: 11, Hazards: 0
INFO 13:13:06.238463 Turn: 29, Snakes Alive: [Rule-based agent], Food: 11, Hazards: 0
INFO 13:13:06.242799 Turn: 30, Snakes Alive: [Rule-based agent], Food: 11, Hazards: 0
INFO 13:13:06.245962 Turn: 31, Snakes Alive: [Rule-based agent], Food: 11, Hazards: 0
INFO 13:13:06.250133 Turn: 32, Snakes Alive: [Rule-based agent], Food: 11, Hazards: 0
INFO 13:13:06.254311 Turn: 33, Snakes Alive: [Rule-based agent], Food: 11, Hazards: 0
INFO 13:13:06.257717 Turn: 34, Snakes Alive: [Rule-based agent], Food: 11, Hazards: 0
INFO 13:13:06.262804 Turn: 35, Snakes Alive: [Rule-based agent], Food: 11, Hazards: 0
INFO 13:13:06.265934 Turn: 36, Snakes Alive: [Rule-based agent], Food: 11, Hazards: 0
INFO 13:13:06.269501 Turn: 37, Snakes Alive: [Rule-based agent], Food: 10, Hazards: 0
INFO 13:13:06.274544 Turn: 38, Snakes Alive: [Rule-based agent], Food: 10, Hazards: 0
INFO 13:13:06.279365 Turn: 39, Snakes Alive: [Rule-based agent], Food: 10, Hazards: 0
INFO 13:13:06.283651 Turn: 40, Snakes Alive: [Rule-based agent], Food: 10, Hazards: 0
INFO 13:13:06.288264 Turn: 41, Snakes Alive: [Rule-based agent], Food: 10, Hazards: 0
INFO 13:13:06.292901 Turn: 42, Snakes Alive: [Rule-based agent], Food: 11, Hazards: 0
INFO 13:13:06.296610 Turn: 43, Snakes Alive: [Rule-based agent], Food: 11, Hazards: 0
INFO 13:13:06.300673 Turn: 44, Snakes Alive: [Rule-based agent], Food: 11, Hazards: 0
INFO 13:13:06.305702 Turn: 45, Snakes Alive: [Rule-based agent], Food: 11, Hazards: 0
INFO 13:13:06.308569 Turn: 46, Snakes Alive: [Rule-based agent], Food: 12, Hazards: 0
INFO 13:13:06.312704 Turn: 47, Snakes Alive: [Rule-based agent], Food: 12, Hazards: 0
INFO 13:13:06.316230 Turn: 48, Snakes Alive: [Rule-based agent], Food: 13, Hazards: 0
INFO 13:13:06.320226 Turn: 49, Snakes Alive: [Rule-based agent], Food: 13, Hazards: 0
INFO 13:13:06.324388 Turn: 50, Snakes Alive: [Rule-based agent], Food: 14, Hazards: 0
INFO 13:13:06.328590 Turn: 51, Snakes Alive: [Rule-based agent], Food: 14, Hazards: 0
INFO 13:13:06.332192 Turn: 52, Snakes Alive: [Rule-based agent], Food: 14, Hazards: 0
INFO 13:13:06.335813 Turn: 53, Snakes Alive: [Rule-based agent], Food: 14, Hazards: 0
INFO 13:13:06.341185 Turn: 54, Snakes Alive: [Rule-based agent], Food: 13, Hazards: 0
INFO 13:13:06.346201 Turn: 55, Snakes Alive: [Rule-based agent], Food: 13, Hazards: 0
INFO 13:13:06.350493 Turn: 56, Snakes Alive: [Rule-based agent], Food: 13, Hazards: 0
INFO 13:13:06.354812 Turn: 57, Snakes Alive: [Rule-based agent], Food: 12, Hazards: 0
INFO 13:13:06.361083 Turn: 58, Snakes Alive: [Rule-based agent], Food: 11, Hazards: 0
INFO 13:13:06.364779 Turn: 59, Snakes Alive: [Rule-based agent], Food: 11, Hazards: 0
INFO 13:13:06.370163 Turn: 60, Snakes Alive: [Rule-based agent], Food: 11, Hazards: 0
INFO 13:13:06.375956 Turn: 61, Snakes Alive: [], Food: 11, Hazards: 0
INFO 13:13:06.379341 Game completed after 62 turns.
INFO 13:13:06.503130 Snake ID: a1b873f4-2e55-49e8-847c-6db9dd19d66f URL: http://127.0.0.1:55822, Name: "Rule-based agent"
INFO 13:13:06.541015 Ruleset: solo, Seed: 109
INFO 13:13:06.541015 Turn: 0, Snakes Alive: [Rule-based agent], Food: 2, Hazards: 0
INFO 13:13:06.554961 Turn: 1, Snakes Alive: [Rule-based agent], Food: 2, Hazards: 0
INFO 13:13:06.561158 Turn: 2, Snakes Alive: [Rule-based agent], Food: 1, Hazards: 0
INFO 13:13:06.564955 Turn: 3, Snakes Alive: [Rule-based agent], Food: 1, Hazards: 0
INFO 13:13:06.568950 Turn: 4, Snakes Alive: [Rule-based agent], Food: 2, Hazards: 0
INFO 13:13:06.573149 Turn: 5, Snakes Alive: [Rule-based agent], Food: 3, Hazards: 0
INFO 13:13:06.577598 Turn: 6, Snakes Alive: [Rule-based agent], Food: 3, Hazards: 0
INFO 13:13:06.582293 Turn: 7, Snakes Alive: [Rule-based agent], Food: 3, Hazards: 0
INFO 13:13:06.587871 Turn: 8, Snakes Alive: [Rule-based agent], Food: 4, Hazards: 0
INFO 13:13:06.594179 Turn: 9, Snakes Alive: [Rule-based agent], Food: 4, Hazards: 0
INFO 13:13:06.598167 Turn: 10, Snakes Alive: [Rule-based agent], Food: 4, Hazards: 0
INFO 13:13:06.602730 Turn: 11, Snakes Alive: [Rule-based agent], Food: 4, Hazards: 0
INFO 13:13:06.606652 Turn: 12, Snakes Alive: [Rule-based agent], Food: 4, Hazards: 0
INFO 13:13:06.611266 Turn: 13, Snakes Alive: [Rule-based agent], Food: 4, Hazards: 0
INFO 13:13:06.615577 Turn: 14, Snakes Alive: [Rule-based agent], Food: 5, Hazards: 0
INFO 13:13:06.622176 Turn: 15, Snakes Alive: [Rule-based agent], Food: 5, Hazards: 0
INFO 13:13:06.629132 Turn: 16, Snakes Alive: [Rule-based agent], Food: 6, Hazards: 0
INFO 13:13:06.631972 Turn: 17, Snakes Alive: [Rule-based agent], Food: 7, Hazards: 0
INFO 13:13:06.636612 Turn: 18, Snakes Alive: [Rule-based agent], Food: 8, Hazards: 0
INFO 13:13:06.640970 Turn: 19, Snakes Alive: [Rule-based agent], Food: 8, Hazards: 0
INFO 13:13:06.645233 Turn: 20, Snakes Alive: [Rule-based agent], Food: 8, Hazards: 0
INFO 13:13:06.648729 Turn: 21, Snakes Alive: [Rule-based agent], Food: 9, Hazards: 0
INFO 13:13:06.653304 Turn: 22, Snakes Alive: [Rule-based agent], Food: 10, Hazards: 0
INFO 13:13:06.658052 Turn: 23, Snakes Alive: [Rule-based agent], Food: 10, Hazards: 0
INFO 13:13:06.662624 Turn: 24, Snakes Alive: [Rule-based agent], Food: 11, Hazards: 0
INFO 13:13:06.667299 Turn: 25, Snakes Alive: [Rule-based agent], Food: 11, Hazards: 0
INFO 13:13:06.671494 Turn: 26, Snakes Alive: [Rule-based agent], Food: 10, Hazards: 0
INFO 13:13:06.677933 Turn: 27, Snakes Alive: [Rule-based agent], Food: 10, Hazards: 0
INFO 13:13:06.682133 Turn: 28, Snakes Alive: [Rule-based agent], Food: 9, Hazards: 0
INFO 13:13:06.687875 Turn: 29, Snakes Alive: [Rule-based agent], Food: 9, Hazards: 0
INFO 13:13:06.695831 Turn: 30, Snakes Alive: [Rule-based agent], Food: 9, Hazards: 0
INFO 13:13:06.700544 Turn: 31, Snakes Alive: [Rule-based agent], Food: 9, Hazards: 0
INFO 13:13:06.704446 Turn: 32, Snakes Alive: [Rule-based agent], Food: 9, Hazards: 0
INFO 13:13:06.707682 Turn: 33, Snakes Alive: [Rule-based agent], Food: 9, Hazards: 0
INFO 13:13:06.711414 Turn: 34, Snakes Alive: [Rule-based agent], Food: 9, Hazards: 0
INFO 13:13:06.716493 Turn: 35, Snakes Alive: [Rule-based agent], Food: 9, Hazards: 0
INFO 13:13:06.723760 Turn: 36, Snakes Alive: [Rule-based agent], Food: 9, Hazards: 0
INFO 13:13:06.730022 Turn: 37, Snakes Alive: [Rule-based agent], Food: 9, Hazards: 0
INFO 13:13:06.734544 Turn: 38, Snakes Alive: [Rule-based agent], Food: 9, Hazards: 0
INFO 13:13:06.739787 Turn: 39, Snakes Alive: [Rule-based agent], Food: 9, Hazards: 0
INFO 13:13:06.745860 Turn: 40, Snakes Alive: [Rule-based agent], Food: 9, Hazards: 0
INFO 13:13:06.749841 Turn: 41, Snakes Alive: [Rule-based agent], Food: 10, Hazards: 0
INFO 13:13:06.754319 Turn: 42, Snakes Alive: [Rule-based agent], Food: 10, Hazards: 0
INFO 13:13:06.758491 Turn: 43, Snakes Alive: [Rule-based agent], Food: 10, Hazards: 0
INFO 13:13:06.762919 Turn: 44, Snakes Alive: [Rule-based agent], Food: 10, Hazards: 0
INFO 13:13:06.765656 Turn: 45, Snakes Alive: [Rule-based agent], Food: 11, Hazards: 0
INFO 13:13:06.770110 Turn: 46, Snakes Alive: [Rule-based agent], Food: 11, Hazards: 0
INFO 13:13:06.774461 Turn: 47, Snakes Alive: [Rule-based agent], Food: 12, Hazards: 0
INFO 13:13:06.779224 Turn: 48, Snakes Alive: [Rule-based agent], Food: 12, Hazards: 0
INFO 13:13:06.783881 Turn: 49, Snakes Alive: [Rule-based agent], Food: 13, Hazards: 0
INFO 13:13:06.787949 Turn: 50, Snakes Alive: [Rule-based agent], Food: 13, Hazards: 0
INFO 13:13:06.794458 Turn: 51, Snakes Alive: [Rule-based agent], Food: 13, Hazards: 0
INFO 13:13:06.798992 Turn: 52, Snakes Alive: [Rule-based agent], Food: 13, Hazards: 0
INFO 13:13:06.804148 Turn: 53, Snakes Alive: [Rule-based agent], Food: 13, Hazards: 0
INFO 13:13:06.812315 Turn: 54, Snakes Alive: [Rule-based agent], Food: 13, Hazards: 0
INFO 13:13:06.816730 Turn: 55, Snakes Alive: [Rule-based agent], Food: 13, Hazards: 0
INFO 13:13:06.820964 Turn: 56, Snakes Alive: [Rule-based agent], Food: 13, Hazards: 0
INFO 13:13:06.827218 Turn: 57, Snakes Alive: [Rule-based agent], Food: 13, Hazards: 0
INFO 13:13:06.831370 Turn: 58, Snakes Alive: [Rule-based agent], Food: 13, Hazards: 0
INFO 13:13:06.835780 Turn: 59, Snakes Alive: [Rule-based agent], Food: 13, Hazards: 0
INFO 13:13:06.839907 Turn: 60, Snakes Alive: [Rule-based agent], Food: 13, Hazards: 0
INFO 13:13:06.846453 Turn: 61, Snakes Alive: [Rule-based agent], Food: 13, Hazards: 0
INFO 13:13:06.850587 Turn: 62, Snakes Alive: [Rule-based agent], Food: 13, Hazards: 0
INFO 13:13:06.855346 Turn: 63, Snakes Alive: [Rule-based agent], Food: 13, Hazards: 0
INFO 13:13:06.859387 Turn: 64, Snakes Alive: [Rule-based agent], Food: 14, Hazards: 0
INFO 13:13:06.863663 Turn: 65, Snakes Alive: [Rule-based agent], Food: 14, Hazards: 0
INFO 13:13:06.867714 Turn: 66, Snakes Alive: [Rule-based agent], Food: 14, Hazards: 0
INFO 13:13:06.872846 Turn: 67, Snakes Alive: [Rule-based agent], Food: 14, Hazards: 0
INFO 13:13:06.877680 Turn: 68, Snakes Alive: [Rule-based agent], Food: 14, Hazards: 0
INFO 13:13:06.882254 Turn: 69, Snakes Alive: [], Food: 15, Hazards: 0
INFO 13:13:06.885142 Game completed after 70 turns.
